Archive member included to satisfy reference by file (symbol)

c:/st/stm32cubeide_1.11.0/stm32cubeide/plugins/com.st.stm32cube.ide.mcu.externaltools.gnu-tools-for-stm32.10.3-2021.10.win32_1.0.100.202210260954/tools/bin/../lib/gcc/arm-none-eabi/10.3.1/../../../../arm-none-eabi/lib/thumb/v7e-m+fp/hard\libc_nano.a(lib_a-errno.o)
                              ./Core/Src/syscalls.o (__errno)
c:/st/stm32cubeide_1.11.0/stm32cubeide/plugins/com.st.stm32cube.ide.mcu.externaltools.gnu-tools-for-stm32.10.3-2021.10.win32_1.0.100.202210260954/tools/bin/../lib/gcc/arm-none-eabi/10.3.1/../../../../arm-none-eabi/lib/thumb/v7e-m+fp/hard\libc_nano.a(lib_a-exit.o)
                              c:/st/stm32cubeide_1.11.0/stm32cubeide/plugins/com.st.stm32cube.ide.mcu.externaltools.gnu-tools-for-stm32.10.3-2021.10.win32_1.0.100.202210260954/tools/bin/../lib/gcc/arm-none-eabi/10.3.1/../../../../arm-none-eabi/lib/thumb/v7e-m+fp/hard/crt0.o (exit)
c:/st/stm32cubeide_1.11.0/stm32cubeide/plugins/com.st.stm32cube.ide.mcu.externaltools.gnu-tools-for-stm32.10.3-2021.10.win32_1.0.100.202210260954/tools/bin/../lib/gcc/arm-none-eabi/10.3.1/../../../../arm-none-eabi/lib/thumb/v7e-m+fp/hard\libc_nano.a(lib_a-impure.o)
                              c:/st/stm32cubeide_1.11.0/stm32cubeide/plugins/com.st.stm32cube.ide.mcu.externaltools.gnu-tools-for-stm32.10.3-2021.10.win32_1.0.100.202210260954/tools/bin/../lib/gcc/arm-none-eabi/10.3.1/../../../../arm-none-eabi/lib/thumb/v7e-m+fp/hard\libc_nano.a(lib_a-exit.o) (_global_impure_ptr)
c:/st/stm32cubeide_1.11.0/stm32cubeide/plugins/com.st.stm32cube.ide.mcu.externaltools.gnu-tools-for-stm32.10.3-2021.10.win32_1.0.100.202210260954/tools/bin/../lib/gcc/arm-none-eabi/10.3.1/../../../../arm-none-eabi/lib/thumb/v7e-m+fp/hard\libc_nano.a(lib_a-init.o)
                              c:/st/stm32cubeide_1.11.0/stm32cubeide/plugins/com.st.stm32cube.ide.mcu.externaltools.gnu-tools-for-stm32.10.3-2021.10.win32_1.0.100.202210260954/tools/bin/../lib/gcc/arm-none-eabi/10.3.1/../../../../arm-none-eabi/lib/thumb/v7e-m+fp/hard/crt0.o (__libc_init_array)
c:/st/stm32cubeide_1.11.0/stm32cubeide/plugins/com.st.stm32cube.ide.mcu.externaltools.gnu-tools-for-stm32.10.3-2021.10.win32_1.0.100.202210260954/tools/bin/../lib/gcc/arm-none-eabi/10.3.1/../../../../arm-none-eabi/lib/thumb/v7e-m+fp/hard\libc_nano.a(lib_a-memset.o)
                              c:/st/stm32cubeide_1.11.0/stm32cubeide/plugins/com.st.stm32cube.ide.mcu.externaltools.gnu-tools-for-stm32.10.3-2021.10.win32_1.0.100.202210260954/tools/bin/../lib/gcc/arm-none-eabi/10.3.1/../../../../arm-none-eabi/lib/thumb/v7e-m+fp/hard/crt0.o (memset)
c:/st/stm32cubeide_1.11.0/stm32cubeide/plugins/com.st.stm32cube.ide.mcu.externaltools.gnu-tools-for-stm32.10.3-2021.10.win32_1.0.100.202210260954/tools/bin/../lib/gcc/arm-none-eabi/10.3.1/../../../../arm-none-eabi/lib/thumb/v7e-m+fp/hard\libm.a(lib_a-s_cos.o)
                              ./Core/Src/glcd.o (cos)
c:/st/stm32cubeide_1.11.0/stm32cubeide/plugins/com.st.stm32cube.ide.mcu.externaltools.gnu-tools-for-stm32.10.3-2021.10.win32_1.0.100.202210260954/tools/bin/../lib/gcc/arm-none-eabi/10.3.1/../../../../arm-none-eabi/lib/thumb/v7e-m+fp/hard\libm.a(lib_a-s_sin.o)
                              ./Core/Src/glcd.o (sin)
c:/st/stm32cubeide_1.11.0/stm32cubeide/plugins/com.st.stm32cube.ide.mcu.externaltools.gnu-tools-for-stm32.10.3-2021.10.win32_1.0.100.202210260954/tools/bin/../lib/gcc/arm-none-eabi/10.3.1/../../../../arm-none-eabi/lib/thumb/v7e-m+fp/hard\libm.a(lib_a-e_rem_pio2.o)
                              c:/st/stm32cubeide_1.11.0/stm32cubeide/plugins/com.st.stm32cube.ide.mcu.externaltools.gnu-tools-for-stm32.10.3-2021.10.win32_1.0.100.202210260954/tools/bin/../lib/gcc/arm-none-eabi/10.3.1/../../../../arm-none-eabi/lib/thumb/v7e-m+fp/hard\libm.a(lib_a-s_cos.o) (__ieee754_rem_pio2)
c:/st/stm32cubeide_1.11.0/stm32cubeide/plugins/com.st.stm32cube.ide.mcu.externaltools.gnu-tools-for-stm32.10.3-2021.10.win32_1.0.100.202210260954/tools/bin/../lib/gcc/arm-none-eabi/10.3.1/../../../../arm-none-eabi/lib/thumb/v7e-m+fp/hard\libm.a(lib_a-k_cos.o)
                              c:/st/stm32cubeide_1.11.0/stm32cubeide/plugins/com.st.stm32cube.ide.mcu.externaltools.gnu-tools-for-stm32.10.3-2021.10.win32_1.0.100.202210260954/tools/bin/../lib/gcc/arm-none-eabi/10.3.1/../../../../arm-none-eabi/lib/thumb/v7e-m+fp/hard\libm.a(lib_a-s_cos.o) (__kernel_cos)
c:/st/stm32cubeide_1.11.0/stm32cubeide/plugins/com.st.stm32cube.ide.mcu.externaltools.gnu-tools-for-stm32.10.3-2021.10.win32_1.0.100.202210260954/tools/bin/../lib/gcc/arm-none-eabi/10.3.1/../../../../arm-none-eabi/lib/thumb/v7e-m+fp/hard\libm.a(lib_a-k_rem_pio2.o)
                              c:/st/stm32cubeide_1.11.0/stm32cubeide/plugins/com.st.stm32cube.ide.mcu.externaltools.gnu-tools-for-stm32.10.3-2021.10.win32_1.0.100.202210260954/tools/bin/../lib/gcc/arm-none-eabi/10.3.1/../../../../arm-none-eabi/lib/thumb/v7e-m+fp/hard\libm.a(lib_a-e_rem_pio2.o) (__kernel_rem_pio2)
[...]
Memory Configuration

Name             Origin             Length             Attributes
RAM              0x0000000020000000 0x0000000000010000 xrw
FLASH            0x0000000008000000 0x0000000000040000 xr
*default*        0x0000000000000000 0xffffffffffffffff

Linker script and memory map

LOAD c:/st/stm32cubeide_1.11.0/stm32cubeide/plugins/com.st.stm32cube.ide.mcu.externaltools.gnu-tools-for-stm32.10.3-2021.10.win32_1.0.100.202210260954/tools/bin/../lib/gcc/arm-none-eabi/10.3.1/thumb/v7e-m+fp/hard/crti.o
LOAD c:/st/stm32cubeide_1.11.0/stm32cubeide/plugins/com.st.stm32cube.ide.mcu.externaltools.gnu-tools-for-stm32.10.3-2021.10.win32_1.0.100.202210260954/tools/bin/../lib/gcc/arm-none-eabi/10.3.1/thumb/v7e-m+fp/hard/crtbegin.o
LOAD c:/st/stm32cubeide_1.11.0/stm32cubeide/plugins/com.st.stm32cube.ide.mcu.externaltools.gnu-tools-for-stm32.10.3-2021.10.win32_1.0.100.202210260954/tools/bin/../lib/gcc/arm-none-eabi/10.3.1/../../../../arm-none-eabi/lib/thumb/v7e-m+fp/hard/crt0.o
LOAD ./Core/Src/delay.o
LOAD ./Core/Src/glcd.o
LOAD ./Core/Src/glcd_fonts.o
LOAD ./Core/Src/glcd_tests.o
LOAD ./Core/Src/main.o
LOAD ./Core/Src/stm32f4xx_hal_msp.o
LOAD ./Core/Src/stm32f4xx_it.o
LOAD ./Core/Src/syscalls.o
LOAD ./Core/Src/sysmem.o
LOAD ./Core/Src/system_stm32f4xx.o
LOAD ./Core/Startup/startup_stm32f401ccux.o
LOAD ./Drivers/STM32F4xx_HAL_Driver/Src/stm32f4xx_hal.o
LOAD ./Drivers/STM32F4xx_HAL_Driver/Src/stm32f4xx_hal_adc.o
LOAD ./Drivers/STM32F4xx_HAL_Driver/Src/stm32f4xx_hal_adc_ex.o
LOAD ./Drivers/STM32F4xx_HAL_Driver/Src/stm32f4xx_hal_cortex.o
LOAD ./Drivers/STM32F4xx_HAL_Driver/Src/stm32f4xx_hal_dma.o
LOAD ./Drivers/STM32F4xx_HAL_Driver/Src/stm32f4xx_hal_dma_ex.o
LOAD ./Drivers/STM32F4xx_HAL_Driver/Src/stm32f4xx_hal_exti.o
LOAD ./Drivers/STM32F4xx_HAL_Driver/Src/stm32f4xx_hal_flash.o
LOAD ./Drivers/STM32F4xx_HAL_Driver/Src/stm32f4xx_hal_flash_ex.o
LOAD ./Drivers/STM32F4xx_HAL_Driver/Src/stm32f4xx_hal_flash_ramfunc.o
LOAD ./Drivers/STM32F4xx_HAL_Driver/Src/stm32f4xx_hal_gpio.o
LOAD ./Drivers/STM32F4xx_HAL_Driver/Src/stm32f4xx_hal_pwr.o
LOAD ./Drivers/STM32F4xx_HAL_Driver/Src/stm32f4xx_hal_pwr_ex.o
LOAD ./Drivers/STM32F4xx_HAL_Driver/Src/stm32f4xx_hal_rcc.o
LOAD ./Drivers/STM32F4xx_HAL_Driver/Src/stm32f4xx_hal_rcc_ex.o
LOAD ./Drivers/STM32F4xx_HAL_Driver/Src/stm32f4xx_hal_tim.o
LOAD ./Drivers/STM32F4xx_HAL_Driver/Src/stm32f4xx_hal_tim_ex.o
LOAD ./Drivers/STM32F4xx_HAL_Driver/Src/stm32f4xx_ll_adc.o
START GROUP
LOAD c:/st/stm32cubeide_1.11.0/stm32cubeide/plugins/com.st.stm32cube.ide.mcu.externaltools.gnu-tools-for-stm32.10.3-2021.10.win32_1.0.100.202210260954/tools/bin/../lib/gcc/arm-none-eabi/10.3.1/../../../../arm-none-eabi/lib/thumb/v7e-m+fp/hard\libc_nano.a
LOAD c:/st/stm32cubeide_1.11.0/stm32cubeide/plugins/com.st.stm32cube.ide.mcu.externaltools.gnu-tools-for-stm32.10.3-2021.10.win32_1.0.100.202210260954/tools/bin/../lib/gcc/arm-none-eabi/10.3.1/../../../../arm-none-eabi/lib/thumb/v7e-m+fp/hard\libm.a
END GROUP
START GROUP
LOAD c:/st/stm32cubeide_1.11.0/stm32cubeide/plugins/com.st.stm32cube.ide.mcu.externaltools.gnu-tools-for-stm32.10.3-2021.10.win32_1.0.100.202210260954/tools/bin/../lib/gcc/arm-none-eabi/10.3.1/thumb/v7e-m+fp/hard\libgcc.a
LOAD c:/st/stm32cubeide_1.11.0/stm32cubeide/plugins/com.st.stm32cube.ide.mcu.externaltools.gnu-tools-for-stm32.10.3-2021.10.win32_1.0.100.202210260954/tools/bin/../lib/gcc/arm-none-eabi/10.3.1/../../../../arm-none-eabi/lib/thumb/v7e-m+fp/hard\libc_nano.a
END GROUP
START GROUP
LOAD c:/st/stm32cubeide_1.11.0/stm32cubeide/plugins/com.st.stm32cube.ide.mcu.externaltools.gnu-tools-for-stm32.10.3-2021.10.win32_1.0.100.202210260954/tools/bin/../lib/gcc/arm-none-eabi/10.3.1/thumb/v7e-m+fp/hard\libgcc.a
LOAD c:/st/stm32cubeide_1.11.0/stm32cubeide/plugins/com.st.stm32cube.ide.mcu.externaltools.gnu-tools-for-stm32.10.3-2021.10.win32_1.0.100.202210260954/tools/bin/../lib/gcc/arm-none-eabi/10.3.1/../../../../arm-none-eabi/lib/thumb/v7e-m+fp/hard\libc_nano.a
LOAD c:/st/stm32cubeide_1.11.0/stm32cubeide/plugins/com.st.stm32cube.ide.mcu.externaltools.gnu-tools-for-stm32.10.3-2021.10.win32_1.0.100.202210260954/tools/bin/../lib/gcc/arm-none-eabi/10.3.1/../../../../arm-none-eabi/lib/thumb/v7e-m+fp/hard\libnosys.a
END GROUP
START GROUP
LOAD c:/st/stm32cubeide_1.11.0/stm32cubeide/plugins/com.st.stm32cube.ide.mcu.externaltools.gnu-tools-for-stm32.10.3-2021.10.win32_1.0.100.202210260954/tools/bin/../lib/gcc/arm-none-eabi/10.3.1/thumb/v7e-m+fp/hard\libgcc.a
LOAD c:/st/stm32cubeide_1.11.0/stm32cubeide/plugins/com.st.stm32cube.ide.mcu.externaltools.gnu-tools-for-stm32.10.3-2021.10.win32_1.0.100.202210260954/tools/bin/../lib/gcc/arm-none-eabi/10.3.1/../../../../arm-none-eabi/lib/thumb/v7e-m+fp/hard\libc_nano.a
LOAD c:/st/stm32cubeide_1.11.0/stm32cubeide/plugins/com.st.stm32cube.ide.mcu.externaltools.gnu-tools-for-stm32.10.3-2021.10.win32_1.0.100.202210260954/tools/bin/../lib/gcc/arm-none-eabi/10.3.1/../../../../arm-none-eabi/lib/thumb/v7e-m+fp/hard\libnosys.a
END GROUP
LOAD c:/st/stm32cubeide_1.11.0/stm32cubeide/plugins/com.st.stm32cube.ide.mcu.externaltools.gnu-tools-for-stm32.10.3-2021.10.win32_1.0.100.202210260954/tools/bin/../lib/gcc/arm-none-eabi/10.3.1/thumb/v7e-m+fp/hard/crtend.o
LOAD c:/st/stm32cubeide_1.11.0/stm32cubeide/plugins/com.st.stm32cube.ide.mcu.externaltools.gnu-tools-for-stm32.10.3-2021.10.win32_1.0.100.202210260954/tools/bin/../lib/gcc/arm-none-eabi/10.3.1/thumb/v7e-m+fp/hard/crtn.o
                0x0000000020010000                _estack = (ORIGIN (RAM) + LENGTH (RAM))
                0x0000000000000200                _Min_Heap_Size = 0x200
                0x0000000000000400                _Min_Stack_Size = 0x400

.isr_vector     0x0000000008000000      0x194
                0x0000000008000000                . = ALIGN (0x4)
 *(.isr_vector)
 .isr_vector    0x0000000008000000      0x194 ./Core/Startup/startup_stm32f401ccux.o
                0x0000000008000000                g_pfnVectors
                0x0000000008000194                . = ALIGN (0x4)

.text           0x0000000008000198     0x5004
                0x0000000008000198                . = ALIGN (0x4)
 *(.text)
 .text          0x0000000008000198       0x40 c:/st/stm32cubeide_1.11.0/stm32cubeide/plugins/com.st.stm32cube.ide.mcu.externaltools.gnu-tools-for-stm32.10.3-2021.10.win32_1.0.100.202210260954/tools/bin/../lib/gcc/arm-none-eabi/10.3.1/thumb/v7e-m+fp/hard/crtbegin.o
 .text          0x00000000080001d8      0x378 c:/st/stm32cubeide_1.11.0/stm32cubeide/plugins/com.st.stm32cube.ide.mcu.externaltools.gnu-tools-for-stm32.10.3-2021.10.win32_1.0.100.202210260954/tools/bin/../lib/gcc/arm-none-eabi/10.3.1/thumb/v7e-m+fp/hard\libgcc.a(_arm_addsubdf3.o)
                0x00000000080001d8                __aeabi_drsub
                0x00000000080001e0                __aeabi_dsub
                0x00000000080001e0                __subdf3
                0x00000000080001e4                __aeabi_dadd
                0x00000000080001e4                __adddf3
                0x000000000800045c                __floatunsidf
                0x000000000800045c                __aeabi_ui2d
                0x000000000800047c                __floatsidf
                0x000000000800047c                __aeabi_i2d
                0x00000000080004a0                __aeabi_f2d
                0x00000000080004a0                __extendsfdf2
                0x00000000080004e4                __floatundidf
                0x00000000080004e4                __aeabi_ul2d
                0x00000000080004f4                __floatdidf
                0x00000000080004f4                __aeabi_l2d
 .text          0x0000000008000550      0x424 c:/st/stm32cubeide_1.11.0/stm32cubeide/plugins/com.st.stm32cube.ide.mcu.externaltools.gnu-tools-for-stm32.10.3-2021.10.win32_1.0.100.202210260954/tools/bin/../lib/gcc/arm-none-eabi/10.3.1/thumb/v7e-m+fp/hard\libgcc.a(_arm_muldivdf3.o)
                0x0000000008000550                __aeabi_dmul
                0x0000000008000550                __muldf3
                0x00000000080007a4                __divdf3
                0x00000000080007a4                __aeabi_ddiv
 .text          0x0000000008000974      0x110 c:/st/stm32cubeide_1.11.0/stm32cubeide/plugins/com.st.stm32cube.ide.mcu.externaltools.gnu-tools-for-stm32.10.3-2021.10.win32_1.0.100.202210260954/tools/bin/../lib/gcc/arm-none-eabi/10.3.1/thumb/v7e-m+fp/hard\libgcc.a(_arm_cmpdf2.o)
                0x0000000008000974                __gtdf2
                0x0000000008000974                __gedf2
                0x000000000800097c                __ltdf2
                0x000000000800097c                __ledf2
                0x0000000008000984                __nedf2
                0x0000000008000984                __eqdf2
                0x0000000008000984                __cmpdf2
                0x0000000008000a00                __aeabi_cdrcmple
                0x0000000008000a10                __aeabi_cdcmpeq
                0x0000000008000a10                __aeabi_cdcmple
                0x0000000008000a20                __aeabi_dcmpeq
                0x0000000008000a34                __aeabi_dcmplt
                0x0000000008000a48                __aeabi_dcmple
                0x0000000008000a5c                __aeabi_dcmpge
                0x0000000008000a70                __aeabi_dcmpgt
 .text          0x0000000008000a84       0x50 c:/st/stm32cubeide_1.11.0/stm32cubeide/plugins/com.st.stm32cube.ide.mcu.externaltools.gnu-tools-for-stm32.10.3-2021.10.win32_1.0.100.202210260954/tools/bin/../lib/gcc/arm-none-eabi/10.3.1/thumb/v7e-m+fp/hard\libgcc.a(_arm_fixdfsi.o)
                0x0000000008000a84                __aeabi_d2iz
                0x0000000008000a84                __fixdfsi
 .text          0x0000000008000ad4       0xa0 c:/st/stm32cubeide_1.11.0/stm32cubeide/plugins/com.st.stm32cube.ide.mcu.externaltools.gnu-tools-for-stm32.10.3-2021.10.win32_1.0.100.202210260954/tools/bin/../lib/gcc/arm-none-eabi/10.3.1/thumb/v7e-m+fp/hard\libgcc.a(_arm_truncdfsf2.o)
                0x0000000008000ad4                __truncdfsf2
                0x0000000008000ad4                __aeabi_d2f
 .text          0x0000000008000b74       0x30 c:/st/stm32cubeide_1.11.0/stm32cubeide/plugins/com.st.stm32cube.ide.mcu.externaltools.gnu-tools-for-stm32.10.3-2021.10.win32_1.0.100.202210260954/tools/bin/../lib/gcc/arm-none-eabi/10.3.1/thumb/v7e-m+fp/hard\libgcc.a(_aeabi_uldivmod.o)
                0x0000000008000b74                __aeabi_uldivmod
 .text          0x0000000008000ba4      0x2d0 c:/st/stm32cubeide_1.11.0/stm32cubeide/plugins/com.st.stm32cube.ide.mcu.externaltools.gnu-tools-for-stm32.10.3-2021.10.win32_1.0.100.202210260954/tools/bin/../lib/gcc/arm-none-eabi/10.3.1/thumb/v7e-m+fp/hard\libgcc.a(_udivmoddi4.o)
                0x0000000008000ba4                __udivmoddi4
 .text          0x0000000008000e74        0x4 c:/st/stm32cubeide_1.11.0/stm32cubeide/plugins/com.st.stm32cube.ide.mcu.externaltools.gnu-tools-for-stm32.10.3-2021.10.win32_1.0.100.202210260954/tools/bin/../lib/gcc/arm-none-eabi/10.3.1/thumb/v7e-m+fp/hard\libgcc.a(_dvmd_tls.o)
                0x0000000008000e74                __aeabi_idiv0
                0x0000000008000e74                __aeabi_ldiv0
 *(.text*)
 .text.delay_init
                0x0000000008000e78       0x14 ./Core/Src/delay.o
                0x0000000008000e78                delay_init
 .text.delay_us
                0x0000000008000e8c       0x34 ./Core/Src/delay.o
                0x0000000008000e8c                delay_us
 .text.glcd_init
                0x0000000008000ec0       0x5c ./Core/Src/glcd.o
                0x0000000008000ec0                glcd_init
 .text.glcd_DrawPixel
                0x0000000008000f1c       0xac ./Core/Src/glcd.o
                0x0000000008000f1c                glcd_DrawPixel
 .text.glcd_Fill
                0x0000000008000fc8       0x60 ./Core/Src/glcd.o
                0x0000000008000fc8                glcd_Fill
 .text.glcd_send
                0x0000000008001028       0xfc ./Core/Src/glcd.o
                0x0000000008001028                glcd_send
 .text.glcd_UpdateScreen
                0x0000000008001124       0xc4 ./Core/Src/glcd.o
                0x0000000008001124                glcd_UpdateScreen
 .text.glcd_Reset
                0x00000000080011e8       0x2c ./Core/Src/glcd.o
                0x00000000080011e8                glcd_Reset
 .text.glcd_WriteChar
                0x0000000008001214       0xc8 ./Core/Src/glcd.o
                0x0000000008001214                glcd_WriteChar
 .text.glcd_WriteString
                0x00000000080012dc       0x4c ./Core/Src/glcd.o
                0x00000000080012dc                glcd_WriteString
 .text.glcd_SetCursor
                0x0000000008001328       0x30 ./Core/Src/glcd.o
                0x0000000008001328                glcd_SetCursor
 .text.glcd_Line
                0x0000000008001358       0xd8 ./Core/Src/glcd.o
                0x0000000008001358                glcd_Line
 .text.glcd_Polyline
                0x0000000008001430       0x74 ./Core/Src/glcd.o
                0x0000000008001430                glcd_Polyline
 *fill*         0x00000000080014a4        0x4 
 .text.glcd_DegToRad
                0x00000000080014a8       0x54 ./Core/Src/glcd.o
 .text.glcd_NormalizeTo0_360
                0x00000000080014fc       0x54 ./Core/Src/glcd.o
 .text.glcd_DrawArc
                0x0000000008001550      0x228 ./Core/Src/glcd.o
                0x0000000008001550                glcd_DrawArc
 .text.glcd_DrawArcWithRadiusLine
                0x0000000008001778      0x314 ./Core/Src/glcd.o
                0x0000000008001778                glcd_DrawArcWithRadiusLine
 .text.glcd_DrawCircle
                0x0000000008001a8c      0x10e ./Core/Src/glcd.o
                0x0000000008001a8c                glcd_DrawCircle
 .text.glcd_FillCircle
                0x0000000008001b9a       0xe6 ./Core/Src/glcd.o
                0x0000000008001b9a                glcd_FillCircle
 .text.glcd_DrawRectangle
                0x0000000008001c80       0x6e ./Core/Src/glcd.o
                0x0000000008001c80                glcd_DrawRectangle
 .text.glcd_FillRectangle
                0x0000000008001cee       0x5c ./Core/Src/glcd.o
                0x0000000008001cee                glcd_FillRectangle
 .text.glcd_DrawBitmap
                0x0000000008001d4a       0xb6 ./Core/Src/glcd.o
                0x0000000008001d4a                glcd_DrawBitmap
 .text.glcd_TestLine
                0x0000000008001e00       0x30 ./Core/Src/glcd_tests.o
                0x0000000008001e00                glcd_TestLine
 .text.glcd_TestRectangle
                0x0000000008001e30       0x70 ./Core/Src/glcd_tests.o
                0x0000000008001e30                glcd_TestRectangle
 .text.glcd_TestRectangleFill
                0x0000000008001ea0       0x50 ./Core/Src/glcd_tests.o
                0x0000000008001ea0                glcd_TestRectangleFill
 .text.glcd_TestCircle
                0x0000000008001ef0       0x70 ./Core/Src/glcd_tests.o
                0x0000000008001ef0                glcd_TestCircle
 .text.glcd_TestArc
                0x0000000008001f60       0x3c ./Core/Src/glcd_tests.o
                0x0000000008001f60                glcd_TestArc
 .text.glcd_TestPolyline
                0x0000000008001f9c       0x2c ./Core/Src/glcd_tests.o
                0x0000000008001f9c                glcd_TestPolyline
 .text.glcd_TestDrawBitmap
                0x0000000008001fc8       0x80 ./Core/Src/glcd_tests.o
                0x0000000008001fc8                glcd_TestDrawBitmap
 .text.glcd_TestAll
                0x0000000008002048       0x72 ./Core/Src/glcd_tests.o
                0x0000000008002048                glcd_TestAll
 *fill*         0x00000000080020ba        0x2 
 .text.main     0x00000000080020bc       0x50 ./Core/Src/main.o
                0x00000000080020bc                main
 .text.SystemClock_Config
                0x000000000800210c       0xd4 ./Core/Src/main.o
                0x000000000800210c                SystemClock_Config
 .text.MX_ADC1_Init
                0x00000000080021e0       0xa4 ./Core/Src/main.o
 .text.MX_TIM1_Init
                0x0000000008002284       0xa0 ./Core/Src/main.o
 .text.MX_GPIO_Init
                0x0000000008002324      0x13c ./Core/Src/main.o
 .text.test_lcd
                0x0000000008002460       0x34 ./Core/Src/main.o
                0x0000000008002460                test_lcd
 .text.Error_Handler
                0x0000000008002494        0xa ./Core/Src/main.o
                0x0000000008002494                Error_Handler
 *fill*         0x000000000800249e        0x2 
 .text.HAL_MspInit
                0x00000000080024a0       0x50 ./Core/Src/stm32f4xx_hal_msp.o
                0x00000000080024a0                HAL_MspInit
 .text.HAL_ADC_MspInit
                0x00000000080024f0       0x88 ./Core/Src/stm32f4xx_hal_msp.o
                0x00000000080024f0                HAL_ADC_MspInit
 .text.HAL_TIM_Base_MspInit
                0x0000000008002578       0x44 ./Core/Src/stm32f4xx_hal_msp.o
                0x0000000008002578                HAL_TIM_Base_MspInit
 .text.NMI_Handler
                0x00000000080025bc        0x6 ./Core/Src/stm32f4xx_it.o
                0x00000000080025bc                NMI_Handler
 .text.HardFault_Handler
                0x00000000080025c2        0x6 ./Core/Src/stm32f4xx_it.o
                0x00000000080025c2                HardFault_Handler
 .text.MemManage_Handler
                0x00000000080025c8        0x6 ./Core/Src/stm32f4xx_it.o
                0x00000000080025c8                MemManage_Handler
 .text.BusFault_Handler
                0x00000000080025ce        0x6 ./Core/Src/stm32f4xx_it.o
                0x00000000080025ce                BusFault_Handler
 .text.UsageFault_Handler
                0x00000000080025d4        0x6 ./Core/Src/stm32f4xx_it.o
                0x00000000080025d4                UsageFault_Handler
 .text.SVC_Handler
                0x00000000080025da        0xe ./Core/Src/stm32f4xx_it.o
                0x00000000080025da                SVC_Handler
 .text.DebugMon_Handler
                0x00000000080025e8        0xe ./Core/Src/stm32f4xx_it.o
                0x00000000080025e8                DebugMon_Handler
 .text.PendSV_Handler
                0x00000000080025f6        0xe ./Core/Src/stm32f4xx_it.o
                0x00000000080025f6                PendSV_Handler
 .text.SysTick_Handler
                0x0000000008002604        0xc ./Core/Src/stm32f4xx_it.o
                0x0000000008002604                SysTick_Handler
 .text.SystemInit
                0x0000000008002610       0x24 ./Core/Src/system_stm32f4xx.o
                0x0000000008002610                SystemInit
 .text.Reset_Handler
                0x0000000008002634       0x50 ./Core/Startup/startup_stm32f401ccux.o
                0x0000000008002634                Reset_Handler
 .text.Default_Handler
                0x0000000008002684        0x2 ./Core/Startup/startup_stm32f401ccux.o
                0x0000000008002684                RTC_Alarm_IRQHandler
                0x0000000008002684                EXTI2_IRQHandler
                0x0000000008002684                SPI4_IRQHandler
                0x0000000008002684                TIM1_CC_IRQHandler
                0x0000000008002684                DMA2_Stream5_IRQHandler
                0x0000000008002684                DMA1_Stream5_IRQHandler
                0x0000000008002684                PVD_IRQHandler
                0x0000000008002684                SDIO_IRQHandler
                0x0000000008002684                TAMP_STAMP_IRQHandler
                0x0000000008002684                EXTI3_IRQHandler
                0x0000000008002684                TIM1_UP_TIM10_IRQHandler
                0x0000000008002684                I2C3_ER_IRQHandler
                0x0000000008002684                EXTI0_IRQHandler
                0x0000000008002684                I2C2_EV_IRQHandler
                0x0000000008002684                DMA1_Stream2_IRQHandler
                0x0000000008002684                FPU_IRQHandler
                0x0000000008002684                DMA2_Stream2_IRQHandler
                0x0000000008002684                SPI1_IRQHandler
                0x0000000008002684                TIM1_BRK_TIM9_IRQHandler
                0x0000000008002684                DMA2_Stream3_IRQHandler
                0x0000000008002684                USART6_IRQHandler
                0x0000000008002684                DMA2_Stream0_IRQHandler
                0x0000000008002684                TIM4_IRQHandler
                0x0000000008002684                I2C1_EV_IRQHandler
                0x0000000008002684                DMA1_Stream6_IRQHandler
                0x0000000008002684                DMA1_Stream1_IRQHandler
                0x0000000008002684                TIM3_IRQHandler
                0x0000000008002684                RCC_IRQHandler
                0x0000000008002684                Default_Handler
                0x0000000008002684                EXTI15_10_IRQHandler
                0x0000000008002684                ADC_IRQHandler
                0x0000000008002684                DMA1_Stream7_IRQHandler
                0x0000000008002684                TIM5_IRQHandler
                0x0000000008002684                DMA2_Stream7_IRQHandler
                0x0000000008002684                I2C3_EV_IRQHandler
                0x0000000008002684                EXTI9_5_IRQHandler
                0x0000000008002684                RTC_WKUP_IRQHandler
                0x0000000008002684                SPI2_IRQHandler
                0x0000000008002684                DMA1_Stream0_IRQHandler
                0x0000000008002684                EXTI4_IRQHandler
                0x0000000008002684                WWDG_IRQHandler
                0x0000000008002684                TIM2_IRQHandler
                0x0000000008002684                OTG_FS_WKUP_IRQHandler
                0x0000000008002684                TIM1_TRG_COM_TIM11_IRQHandler
                0x0000000008002684                EXTI1_IRQHandler
                0x0000000008002684                USART2_IRQHandler
                0x0000000008002684                I2C2_ER_IRQHandler
                0x0000000008002684                DMA2_Stream1_IRQHandler
                0x0000000008002684                FLASH_IRQHandler
                0x0000000008002684                DMA2_Stream4_IRQHandler
                0x0000000008002684                USART1_IRQHandler
                0x0000000008002684                OTG_FS_IRQHandler
                0x0000000008002684                SPI3_IRQHandler
                0x0000000008002684                DMA1_Stream4_IRQHandler
                0x0000000008002684                I2C1_ER_IRQHandler
                0x0000000008002684                DMA2_Stream6_IRQHandler
                0x0000000008002684                DMA1_Stream3_IRQHandler
 *fill*         0x0000000008002686        0x2 
 .text.HAL_Init
                0x0000000008002688       0x44 ./Drivers/STM32F4xx_HAL_Driver/Src/stm32f4xx_hal.o
                0x0000000008002688                HAL_Init
 .text.HAL_InitTick
                0x00000000080026cc       0x60 ./Drivers/STM32F4xx_HAL_Driver/Src/stm32f4xx_hal.o
                0x00000000080026cc                HAL_InitTick
 .text.HAL_IncTick
                0x000000000800272c       0x28 ./Drivers/STM32F4xx_HAL_Driver/Src/stm32f4xx_hal.o
                0x000000000800272c                HAL_IncTick
 .text.HAL_GetTick
                0x0000000008002754       0x18 ./Drivers/STM32F4xx_HAL_Driver/Src/stm32f4xx_hal.o
                0x0000000008002754                HAL_GetTick
 .text.HAL_Delay
                0x000000000800276c       0x48 ./Drivers/STM32F4xx_HAL_Driver/Src/stm32f4xx_hal.o
                0x000000000800276c                HAL_Delay
 .text.HAL_ADC_Init
                0x00000000080027b4       0x86 ./Drivers/STM32F4xx_HAL_Driver/Src/stm32f4xx_hal_adc.o
                0x00000000080027b4                HAL_ADC_Init
 *fill*         0x000000000800283a        0x2 
 .text.HAL_ADC_ConfigChannel
                0x000000000800283c      0x244 ./Drivers/STM32F4xx_HAL_Driver/Src/stm32f4xx_hal_adc.o
                0x000000000800283c                HAL_ADC_ConfigChannel
 .text.ADC_Init
                0x0000000008002a80      0x1f8 ./Drivers/STM32F4xx_HAL_Driver/Src/stm32f4xx_hal_adc.o
 .text.__NVIC_SetPriorityGrouping
                0x0000000008002c78       0x48 ./Drivers/STM32F4xx_HAL_Driver/Src/stm32f4xx_hal_cortex.o
 .text.__NVIC_GetPriorityGrouping
                0x0000000008002cc0       0x1c ./Drivers/STM32F4xx_HAL_Driver/Src/stm32f4xx_hal_cortex.o
 .text.__NVIC_SetPriority
                0x0000000008002cdc       0x54 ./Drivers/STM32F4xx_HAL_Driver/Src/stm32f4xx_hal_cortex.o
 .text.NVIC_EncodePriority
                0x0000000008002d30       0x66 ./Drivers/STM32F4xx_HAL_Driver/Src/stm32f4xx_hal_cortex.o
 *fill*         0x0000000008002d96        0x2 
 .text.SysTick_Config
                0x0000000008002d98       0x44 ./Drivers/STM32F4xx_HAL_Driver/Src/stm32f4xx_hal_cortex.o
 .text.HAL_NVIC_SetPriorityGrouping
                0x0000000008002ddc       0x16 ./Drivers/STM32F4xx_HAL_Driver/Src/stm32f4xx_hal_cortex.o
                0x0000000008002ddc                HAL_NVIC_SetPriorityGrouping
 .text.HAL_NVIC_SetPriority
                0x0000000008002df2       0x38 ./Drivers/STM32F4xx_HAL_Driver/Src/stm32f4xx_hal_cortex.o
                0x0000000008002df2                HAL_NVIC_SetPriority
 .text.HAL_SYSTICK_Config
                0x0000000008002e2a       0x18 ./Drivers/STM32F4xx_HAL_Driver/Src/stm32f4xx_hal_cortex.o
                0x0000000008002e2a                HAL_SYSTICK_Config
 *fill*         0x0000000008002e42        0x2 
 .text.HAL_GPIO_Init
                0x0000000008002e44      0x308 ./Drivers/STM32F4xx_HAL_Driver/Src/stm32f4xx_hal_gpio.o
                0x0000000008002e44                HAL_GPIO_Init
 .text.HAL_GPIO_WritePin
                0x000000000800314c       0x32 ./Drivers/STM32F4xx_HAL_Driver/Src/stm32f4xx_hal_gpio.o
                0x000000000800314c                HAL_GPIO_WritePin
 .text.HAL_GPIO_TogglePin
                0x000000000800317e       0x34 ./Drivers/STM32F4xx_HAL_Driver/Src/stm32f4xx_hal_gpio.o
                0x000000000800317e                HAL_GPIO_TogglePin
 *fill*         0x00000000080031b2        0x2 
 .text.HAL_RCC_OscConfig
                0x00000000080031b4      0x4f0 ./Drivers/STM32F4xx_HAL_Driver/Src/stm32f4xx_hal_rcc.o
                0x00000000080031b4                HAL_RCC_OscConfig
 .text.HAL_RCC_ClockConfig
                0x00000000080036a4      0x1cc ./Drivers/STM32F4xx_HAL_Driver/Src/stm32f4xx_hal_rcc.o
                0x00000000080036a4                HAL_RCC_ClockConfig
 .text.HAL_RCC_GetSysClockFreq
                0x0000000008003870      0x18c ./Drivers/STM32F4xx_HAL_Driver/Src/stm32f4xx_hal_rcc.o
                0x0000000008003870                HAL_RCC_GetSysClockFreq
 .text.HAL_TIM_Base_Init
                0x00000000080039fc       0x9e ./Drivers/STM32F4xx_HAL_Driver/Src/stm32f4xx_hal_tim.o
                0x00000000080039fc                HAL_TIM_Base_Init
 *fill*         0x0000000008003a9a        0x2 
 .text.HAL_TIM_Base_Start
                0x0000000008003a9c       0xb4 ./Drivers/STM32F4xx_HAL_Driver/Src/stm32f4xx_hal_tim.o
                0x0000000008003a9c                HAL_TIM_Base_Start
 .text.HAL_TIM_ConfigClockSource
                0x0000000008003b50      0x18e ./Drivers/STM32F4xx_HAL_Driver/Src/stm32f4xx_hal_tim.o
                0x0000000008003b50                HAL_TIM_ConfigClockSource
 *fill*         0x0000000008003cde        0x2 
 .text.TIM_Base_SetConfig
                0x0000000008003ce0      0x100 ./Drivers/STM32F4xx_HAL_Driver/Src/stm32f4xx_hal_tim.o
                0x0000000008003ce0                TIM_Base_SetConfig
 .text.TIM_TI1_ConfigInputStage
                0x0000000008003de0       0x5e ./Drivers/STM32F4xx_HAL_Driver/Src/stm32f4xx_hal_tim.o
 .text.TIM_TI2_ConfigInputStage
                0x0000000008003e3e       0x60 ./Drivers/STM32F4xx_HAL_Driver/Src/stm32f4xx_hal_tim.o
 .text.TIM_ITRx_SetConfig
                0x0000000008003e9e       0x36 ./Drivers/STM32F4xx_HAL_Driver/Src/stm32f4xx_hal_tim.o
 .text.TIM_ETR_SetConfig
                0x0000000008003ed4       0x40 ./Drivers/STM32F4xx_HAL_Driver/Src/stm32f4xx_hal_tim.o
                0x0000000008003ed4                TIM_ETR_SetConfig
 .text.HAL_TIMEx_MasterConfigSynchronization
                0x0000000008003f14       0xdc ./Drivers/STM32F4xx_HAL_Driver/Src/stm32f4xx_hal_tim_ex.o
                0x0000000008003f14                HAL_TIMEx_MasterConfigSynchronization
 .text.__libc_init_array
                0x0000000008003ff0       0x48 c:/st/stm32cubeide_1.11.0/stm32cubeide/plugins/com.st.stm32cube.ide.mcu.externaltools.gnu-tools-for-stm32.10.3-2021.10.win32_1.0.100.202210260954/tools/bin/../lib/gcc/arm-none-eabi/10.3.1/../../../../arm-none-eabi/lib/thumb/v7e-m+fp/hard\libc_nano.a(lib_a-init.o)
                0x0000000008003ff0                __libc_init_array
 .text.memset   0x0000000008004038       0x10 c:/st/stm32cubeide_1.11.0/stm32cubeide/plugins/com.st.stm32cube.ide.mcu.externaltools.gnu-tools-for-stm32.10.3-2021.10.win32_1.0.100.202210260954/tools/bin/../lib/gcc/arm-none-eabi/10.3.1/../../../../arm-none-eabi/lib/thumb/v7e-m+fp/hard\libc_nano.a(lib_a-memset.o)
                0x0000000008004038                memset
 .text.cos      0x0000000008004048       0xa8 c:/st/stm32cubeide_1.11.0/stm32cubeide/plugins/com.st.stm32cube.ide.mcu.externaltools.gnu-tools-for-stm32.10.3-2021.10.win32_1.0.100.202210260954/tools/bin/../lib/gcc/arm-none-eabi/10.3.1/../../../../arm-none-eabi/lib/thumb/v7e-m+fp/hard\libm.a(lib_a-s_cos.o)
                0x0000000008004048                cos
 .text.sin      0x00000000080040f0       0xb0 c:/st/stm32cubeide_1.11.0/stm32cubeide/plugins/com.st.stm32cube.ide.mcu.externaltools.gnu-tools-for-stm32.10.3-2021.10.win32_1.0.100.202210260954/tools/bin/../lib/gcc/arm-none-eabi/10.3.1/../../../../arm-none-eabi/lib/thumb/v7e-m+fp/hard\libm.a(lib_a-s_sin.o)
                0x00000000080040f0                sin
 .text.__ieee754_rem_pio2
                0x00000000080041a0      0x418 c:/st/stm32cubeide_1.11.0/stm32cubeide/plugins/com.st.stm32cube.ide.mcu.externaltools.gnu-tools-for-stm32.10.3-2021.10.win32_1.0.100.202210260954/tools/bin/../lib/gcc/arm-none-eabi/10.3.1/../../../../arm-none-eabi/lib/thumb/v7e-m+fp/hard\libm.a(lib_a-e_rem_pio2.o)
                0x00000000080041a0                __ieee754_rem_pio2
 .text.__kernel_cos
                0x00000000080045b8      0x18c c:/st/stm32cubeide_1.11.0/stm32cubeide/plugins/com.st.stm32cube.ide.mcu.externaltools.gnu-tools-for-stm32.10.3-2021.10.win32_1.0.100.202210260954/tools/bin/../lib/gcc/arm-none-eabi/10.3.1/../../../../arm-none-eabi/lib/thumb/v7e-m+fp/hard\libm.a(lib_a-k_cos.o)
                0x00000000080045b8                __kernel_cos
 *fill*         0x0000000008004744        0x4 
 .text.__kernel_rem_pio2
                0x0000000008004748      0x69c c:/st/stm32cubeide_1.11.0/stm32cubeide/plugins/com.st.stm32cube.ide.mcu.externaltools.gnu-tools-for-stm32.10.3-2021.10.win32_1.0.100.202210260954/tools/bin/../lib/gcc/arm-none-eabi/10.3.1/../../../../arm-none-eabi/lib/thumb/v7e-m+fp/hard\libm.a(lib_a-k_rem_pio2.o)
                0x0000000008004748                __kernel_rem_pio2
 *fill*         0x0000000008004de4        0x4 
 .text.__kernel_sin
                0x0000000008004de8      0x17c c:/st/stm32cubeide_1.11.0/stm32cubeide/plugins/com.st.stm32cube.ide.mcu.externaltools.gnu-tools-for-stm32.10.3-2021.10.win32_1.0.100.202210260954/tools/bin/../lib/gcc/arm-none-eabi/10.3.1/../../../../arm-none-eabi/lib/thumb/v7e-m+fp/hard\libm.a(lib_a-k_sin.o)
                0x0000000008004de8                __kernel_sin
 .text.fabs     0x0000000008004f64       0x12 c:/st/stm32cubeide_1.11.0/stm32cubeide/plugins/com.st.stm32cube.ide.mcu.externaltools.gnu-tools-for-stm32.10.3-2021.10.win32_1.0.100.202210260954/tools/bin/../lib/gcc/arm-none-eabi/10.3.1/../../../../arm-none-eabi/lib/thumb/v7e-m+fp/hard\libm.a(lib_a-s_fabs.o)
                0x0000000008004f64                fabs
 *fill*         0x0000000008004f76        0x2 
 .text.floor    0x0000000008004f78      0x100 c:/st/stm32cubeide_1.11.0/stm32cubeide/plugins/com.st.stm32cube.ide.mcu.externaltools.gnu-tools-for-stm32.10.3-2021.10.win32_1.0.100.202210260954/tools/bin/../lib/gcc/arm-none-eabi/10.3.1/../../../../arm-none-eabi/lib/thumb/v7e-m+fp/hard\libm.a(lib_a-s_floor.o)
                0x0000000008004f78                floor
 .text.scalbn   0x0000000008005078      0x10c c:/st/stm32cubeide_1.11.0/stm32cubeide/plugins/com.st.stm32cube.ide.mcu.externaltools.gnu-tools-for-stm32.10.3-2021.10.win32_1.0.100.202210260954/tools/bin/../lib/gcc/arm-none-eabi/10.3.1/../../../../arm-none-eabi/lib/thumb/v7e-m+fp/hard\libm.a(lib_a-s_scalbn.o)
                0x0000000008005078                scalbn
 *(.glue_7)
 .glue_7        0x0000000008005184        0x0 linker stubs
 *(.glue_7t)
 .glue_7t       0x0000000008005184        0x0 linker stubs
 *(.eh_frame)
 .eh_frame      0x0000000008005184        0x0 c:/st/stm32cubeide_1.11.0/stm32cubeide/plugins/com.st.stm32cube.ide.mcu.externaltools.gnu-tools-for-stm32.10.3-2021.10.win32_1.0.100.202210260954/tools/bin/../lib/gcc/arm-none-eabi/10.3.1/thumb/v7e-m+fp/hard/crtbegin.o
 *(.init)
 .init          0x0000000008005184        0x4 c:/st/stm32cubeide_1.11.0/stm32cubeide/plugins/com.st.stm32cube.ide.mcu.externaltools.gnu-tools-for-stm32.10.3-2021.10.win32_1.0.100.202210260954/tools/bin/../lib/gcc/arm-none-eabi/10.3.1/thumb/v7e-m+fp/hard/crti.o
                0x0000000008005184                _init
 .init          0x0000000008005188        0x8 c:/st/stm32cubeide_1.11.0/stm32cubeide/plugins/com.st.stm32cube.ide.mcu.externaltools.gnu-tools-for-stm32.10.3-2021.10.win32_1.0.100.202210260954/tools/bin/../lib/gcc/arm-none-eabi/10.3.1/thumb/v7e-m+fp/hard/crtn.o
 *(.fini)
 .fini          0x0000000008005190        0x4 c:/st/stm32cubeide_1.11.0/stm32cubeide/plugins/com.st.stm32cube.ide.mcu.externaltools.gnu-tools-for-stm32.10.3-2021.10.win32_1.0.100.202210260954/tools/bin/../lib/gcc/arm-none-eabi/10.3.1/thumb/v7e-m+fp/hard/crti.o
                0x0000000008005190                _fini
 .fini          0x0000000008005194        0x8 c:/st/stm32cubeide_1.11.0/stm32cubeide/plugins/com.st.stm32cube.ide.mcu.externaltools.gnu-tools-for-stm32.10.3-2021.10.win32_1.0.100.202210260954/tools/bin/../lib/gcc/arm-none-eabi/10.3.1/thumb/v7e-m+fp/hard/crtn.o
                0x000000000800519c                . = ALIGN (0x4)
                0x000000000800519c                _etext = .

.vfp11_veneer   0x000000000800519c        0x0
 .vfp11_veneer  0x000000000800519c        0x0 linker stubs

.v4_bx          0x000000000800519c        0x0
 .v4_bx         0x000000000800519c        0x0 linker stubs

.iplt           0x000000000800519c        0x0
 .iplt          0x000000000800519c        0x0 c:/st/stm32cubeide_1.11.0/stm32cubeide/plugins/com.st.stm32cube.ide.mcu.externaltools.gnu-tools-for-stm32.10.3-2021.10.win32_1.0.100.202210260954/tools/bin/../lib/gcc/arm-none-eabi/10.3.1/thumb/v7e-m+fp/hard/crtbegin.o

.rodata         0x00000000080051a0      0xda0
                0x00000000080051a0                . = ALIGN (0x4)
 *(.rodata)
 .rodata        0x00000000080051a0        0xe ./Core/Src/glcd_tests.o
 *fill*         0x00000000080051ae        0x2 
 .rodata        0x00000000080051b0        0xb ./Core/Src/main.o
 *(.rodata*)
 *fill*         0x00000000080051bb        0x1 
 .rodata.fontArray
                0x00000000080051bc      0x1d6 ./Core/Src/glcd.o
 .rodata.CIRCLE_APPROXIMATION_SEGMENTS.1
                0x0000000008005392        0x1 ./Core/Src/glcd.o
 .rodata.CIRCLE_APPROXIMATION_SEGMENTS.0
                0x0000000008005393        0x1 ./Core/Src/glcd.o
 .rodata.Font8x5
                0x0000000008005394      0x3c0 ./Core/Src/glcd_fonts.o
 .rodata.garfield_128x64
                0x0000000008005754      0x400 ./Core/Src/glcd_tests.o
                0x0000000008005754                garfield_128x64
 .rodata.github_logo_64x64
                0x0000000008005b54      0x200 ./Core/Src/glcd_tests.o
                0x0000000008005b54                github_logo_64x64
 .rodata.AHBPrescTable
                0x0000000008005d54       0x10 ./Core/Src/system_stm32f4xx.o
                0x0000000008005d54                AHBPrescTable
 .rodata.npio2_hw
                0x0000000008005d64       0x80 c:/st/stm32cubeide_1.11.0/stm32cubeide/plugins/com.st.stm32cube.ide.mcu.externaltools.gnu-tools-for-stm32.10.3-2021.10.win32_1.0.100.202210260954/tools/bin/../lib/gcc/arm-none-eabi/10.3.1/../../../../arm-none-eabi/lib/thumb/v7e-m+fp/hard\libm.a(lib_a-e_rem_pio2.o)
 .rodata.two_over_pi
                0x0000000008005de4      0x108 c:/st/stm32cubeide_1.11.0/stm32cubeide/plugins/com.st.stm32cube.ide.mcu.externaltools.gnu-tools-for-stm32.10.3-2021.10.win32_1.0.100.202210260954/tools/bin/../lib/gcc/arm-none-eabi/10.3.1/../../../../arm-none-eabi/lib/thumb/v7e-m+fp/hard\libm.a(lib_a-e_rem_pio2.o)
 *fill*         0x0000000008005eec        0x4 
 .rodata.PIo2   0x0000000008005ef0       0x40 c:/st/stm32cubeide_1.11.0/stm32cubeide/plugins/com.st.stm32cube.ide.mcu.externaltools.gnu-tools-for-stm32.10.3-2021.10.win32_1.0.100.202210260954/tools/bin/../lib/gcc/arm-none-eabi/10.3.1/../../../../arm-none-eabi/lib/thumb/v7e-m+fp/hard\libm.a(lib_a-k_rem_pio2.o)
 .rodata.init_jk
                0x0000000008005f30       0x10 c:/st/stm32cubeide_1.11.0/stm32cubeide/plugins/com.st.stm32cube.ide.mcu.externaltools.gnu-tools-for-stm32.10.3-2021.10.win32_1.0.100.202210260954/tools/bin/../lib/gcc/arm-none-eabi/10.3.1/../../../../arm-none-eabi/lib/thumb/v7e-m+fp/hard\libm.a(lib_a-k_rem_pio2.o)
                0x0000000008005f40                . = ALIGN (0x4)

.ARM.extab      0x0000000008005f40        0x0
                0x0000000008005f40                . = ALIGN (0x4)
 *(.ARM.extab* .gnu.linkonce.armextab.*)
                0x0000000008005f40                . = ALIGN (0x4)

.ARM            0x0000000008005f40        0x8
                0x0000000008005f40                . = ALIGN (0x4)
                0x0000000008005f40                __exidx_start = .
 *(.ARM.exidx*)
 .ARM.exidx     0x0000000008005f40        0x8 c:/st/stm32cubeide_1.11.0/stm32cubeide/plugins/com.st.stm32cube.ide.mcu.externaltools.gnu-tools-for-stm32.10.3-2021.10.win32_1.0.100.202210260954/tools/bin/../lib/gcc/arm-none-eabi/10.3.1/thumb/v7e-m+fp/hard\libgcc.a(_udivmoddi4.o)
                0x0000000008005f48                __exidx_end = .
                0x0000000008005f48                . = ALIGN (0x4)

.rel.dyn        0x0000000008005f48        0x0
 .rel.iplt      0x0000000008005f48        0x0 c:/st/stm32cubeide_1.11.0/stm32cubeide/plugins/com.st.stm32cube.ide.mcu.externaltools.gnu-tools-for-stm32.10.3-2021.10.win32_1.0.100.202210260954/tools/bin/../lib/gcc/arm-none-eabi/10.3.1/thumb/v7e-m+fp/hard/crtbegin.o

.preinit_array  0x0000000008005f48        0x0
                0x0000000008005f48                . = ALIGN (0x4)
                0x0000000008005f48                PROVIDE (__preinit_array_start = .)
 *(.preinit_array*)
                0x0000000008005f48                PROVIDE (__preinit_array_end = .)
                0x0000000008005f48                . = ALIGN (0x4)

.init_array     0x0000000008005f48        0x4
                0x0000000008005f48                . = ALIGN (0x4)
                0x0000000008005f48                PROVIDE (__init_array_start = .)
 *(SORT_BY_NAME(.init_array.*))
 *(.init_array*)
 .init_array    0x0000000008005f48        0x4 c:/st/stm32cubeide_1.11.0/stm32cubeide/plugins/com.st.stm32cube.ide.mcu.externaltools.gnu-tools-for-stm32.10.3-2021.10.win32_1.0.100.202210260954/tools/bin/../lib/gcc/arm-none-eabi/10.3.1/thumb/v7e-m+fp/hard/crtbegin.o
                0x0000000008005f4c                PROVIDE (__init_array_end = .)
                0x0000000008005f4c                . = ALIGN (0x4)

.fini_array     0x0000000008005f4c        0x4
                0x0000000008005f4c                . = ALIGN (0x4)
                [!provide]                        PROVIDE (__fini_array_start = .)
 *(SORT_BY_NAME(.fini_array.*))
 *(.fini_array*)
 .fini_array    0x0000000008005f4c        0x4 c:/st/stm32cubeide_1.11.0/stm32cubeide/plugins/com.st.stm32cube.ide.mcu.externaltools.gnu-tools-for-stm32.10.3-2021.10.win32_1.0.100.202210260954/tools/bin/../lib/gcc/arm-none-eabi/10.3.1/thumb/v7e-m+fp/hard/crtbegin.o
                [!provide]                        PROVIDE (__fini_array_end = .)
                0x0000000008005f50                . = ALIGN (0x4)
                0x0000000008005f50                _sidata = LOADADDR (.data)

.data           0x0000000020000000       0x14 load address 0x0000000008005f50
                0x0000000020000000                . = ALIGN (0x4)
                0x0000000020000000                _sdata = .
 *(.data)
 *(.data*)
 .data.Font_8x5
                0x0000000020000000        0x8 ./Core/Src/glcd_fonts.o
                0x0000000020000000                Font_8x5
 .data.SystemCoreClock
                0x0000000020000008        0x4 ./Core/Src/system_stm32f4xx.o
                0x0000000020000008                SystemCoreClock
 .data.uwTickPrio
                0x000000002000000c        0x4 ./Drivers/STM32F4xx_HAL_Driver/Src/stm32f4xx_hal.o
                0x000000002000000c                uwTickPrio
 .data.uwTickFreq
                0x0000000020000010        0x1 ./Drivers/STM32F4xx_HAL_Driver/Src/stm32f4xx_hal.o
                0x0000000020000010                uwTickFreq
 *(.RamFunc)
 *(.RamFunc*)
                0x0000000020000014                . = ALIGN (0x4)
 *fill*         0x0000000020000011        0x3 
                0x0000000020000014                _edata = .

.igot.plt       0x0000000020000014        0x0 load address 0x0000000008005f64
 .igot.plt      0x0000000020000014        0x0 c:/st/stm32cubeide_1.11.0/stm32cubeide/plugins/com.st.stm32cube.ide.mcu.externaltools.gnu-tools-for-stm32.10.3-2021.10.win32_1.0.100.202210260954/tools/bin/../lib/gcc/arm-none-eabi/10.3.1/thumb/v7e-m+fp/hard/crtbegin.o
                0x0000000020000014                . = ALIGN (0x4)

.bss            0x0000000020000014      0x4b8 load address 0x0000000008005f64
                0x0000000020000014                _sbss = .
                0x0000000020000014                __bss_start__ = _sbss
 *(.bss)
 .bss           0x0000000020000014       0x1c c:/st/stm32cubeide_1.11.0/stm32cubeide/plugins/com.st.stm32cube.ide.mcu.externaltools.gnu-tools-for-stm32.10.3-2021.10.win32_1.0.100.202210260954/tools/bin/../lib/gcc/arm-none-eabi/10.3.1/thumb/v7e-m+fp/hard/crtbegin.o
 *(.bss*)
 .bss.lcdBuffer
                0x0000000020000030      0x400 ./Core/Src/glcd.o
 .bss.glcd      0x0000000020000430        0x6 ./Core/Src/glcd.o
 *fill*         0x0000000020000436        0x2 
 .bss.hadc1     0x0000000020000438       0x48 ./Core/Src/main.o
                0x0000000020000438                hadc1
 .bss.htim1     0x0000000020000480       0x48 ./Core/Src/main.o
                0x0000000020000480                htim1
 .bss.uwTick    0x00000000200004c8        0x4 ./Drivers/STM32F4xx_HAL_Driver/Src/stm32f4xx_hal.o
                0x00000000200004c8                uwTick
 *(COMMON)
                0x00000000200004cc                . = ALIGN (0x4)
                0x00000000200004cc                _ebss = .
                0x00000000200004cc                __bss_end__ = _ebss

._user_heap_stack
                0x00000000200004cc      0x604 load address 0x0000000008005f64
                0x00000000200004d0                . = ALIGN (0x8)
 *fill*         0x00000000200004cc        0x4 
                [!provide]                        PROVIDE (end = .)
                0x00000000200004d0                PROVIDE (_end = .)
                0x00000000200006d0                . = (. + _Min_Heap_Size)
 *fill*         0x00000000200004d0      0x200 
                0x0000000020000ad0                . = (. + _Min_Stack_Size)
 *fill*         0x00000000200006d0      0x400 
                0x0000000020000ad0                . = ALIGN (0x8)

/DISCARD/
 libc.a(*)
 libm.a(*)
 libgcc.a(*)

.ARM.attributes
                0x0000000000000000       0x30
 *(.ARM.attributes)
 .ARM.attributes
                0x0000000000000000       0x1e c:/st/stm32cubeide_1.11.0/stm32cubeide/plugins/com.st.stm32cube.ide.mcu.externaltools.gnu-tools-for-stm32.10.3-2021.10.win32_1.0.100.202210260954/tools/bin/../lib/gcc/arm-none-eabi/10.3.1/thumb/v7e-m+fp/hard/crti.o
 .ARM.attributes
                0x000000000000001e       0x34 c:/st/stm32cubeide_1.11.0/stm32cubeide/plugins/com.st.stm32cube.ide.mcu.externaltools.gnu-tools-for-stm32.10.3-2021.10.win32_1.0.100.202210260954/tools/bin/../lib/gcc/arm-none-eabi/10.3.1/thumb/v7e-m+fp/hard/crtbegin.o
 .ARM.attributes
                0x0000000000000052       0x34 ./Core/Src/delay.o
 .ARM.attributes
                0x0000000000000086       0x34 ./Core/Src/glcd.o
 .ARM.attributes
                0x00000000000000ba       0x34 ./Core/Src/glcd_fonts.o
 .ARM.attributes
                0x00000000000000ee       0x34 ./Core/Src/glcd_tests.o
 .ARM.attributes
                0x0000000000000122       0x34 ./Core/Src/main.o
 .ARM.attributes
                0x0000000000000156       0x34 ./Core/Src/stm32f4xx_hal_msp.o
 .ARM.attributes
                0x000000000000018a       0x34 ./Core/Src/stm32f4xx_it.o
 .ARM.attributes
                0x00000000000001be       0x34 ./Core/Src/system_stm32f4xx.o
 .ARM.attributes
                0x00000000000001f2       0x21 ./Core/Startup/startup_stm32f401ccux.o
 .ARM.attributes
                0x0000000000000213       0x34 ./Drivers/STM32F4xx_HAL_Driver/Src/stm32f4xx_hal.o
 .ARM.attributes
                0x0000000000000247       0x34 ./Drivers/STM32F4xx_HAL_Driver/Src/stm32f4xx_hal_adc.o
 .ARM.attributes
                0x000000000000027b       0x34 ./Drivers/STM32F4xx_HAL_Driver/Src/stm32f4xx_hal_cortex.o
 .ARM.attributes
                0x00000000000002af       0x34 ./Drivers/STM32F4xx_HAL_Driver/Src/stm32f4xx_hal_gpio.o
 .ARM.attributes
                0x00000000000002e3       0x34 ./Drivers/STM32F4xx_HAL_Driver/Src/stm32f4xx_hal_rcc.o
 .ARM.attributes
                0x0000000000000317       0x34 ./Drivers/STM32F4xx_HAL_Driver/Src/stm32f4xx_hal_tim.o
 .ARM.attributes
                0x000000000000034b       0x34 ./Drivers/STM32F4xx_HAL_Driver/Src/stm32f4xx_hal_tim_ex.o
 .ARM.attributes
                0x000000000000037f       0x34 c:/st/stm32cubeide_1.11.0/stm32cubeide/plugins/com.st.stm32cube.ide.mcu.externaltools.gnu-tools-for-stm32.10.3-2021.10.win32_1.0.100.202210260954/tools/bin/../lib/gcc/arm-none-eabi/10.3.1/../../../../arm-none-eabi/lib/thumb/v7e-m+fp/hard\libc_nano.a(lib_a-init.o)
 .ARM.attributes
                0x00000000000003b3       0x34 c:/st/stm32cubeide_1.11.0/stm32cubeide/plugins/com.st.stm32cube.ide.mcu.externaltools.gnu-tools-for-stm32.10.3-2021.10.win32_1.0.100.202210260954/tools/bin/../lib/gcc/arm-none-eabi/10.3.1/../../../../arm-none-eabi/lib/thumb/v7e-m+fp/hard\libc_nano.a(lib_a-memset.o)
 .ARM.attributes
                0x00000000000003e7       0x34 c:/st/stm32cubeide_1.11.0/stm32cubeide/plugins/com.st.stm32cube.ide.mcu.externaltools.gnu-tools-for-stm32.10.3-2021.10.win32_1.0.100.202210260954/tools/bin/../lib/gcc/arm-none-eabi/10.3.1/../../../../arm-none-eabi/lib/thumb/v7e-m+fp/hard\libm.a(lib_a-s_cos.o)
 .ARM.attributes
                0x000000000000041b       0x34 c:/st/stm32cubeide_1.11.0/stm32cubeide/plugins/com.st.stm32cube.ide.mcu.externaltools.gnu-tools-for-stm32.10.3-2021.10.win32_1.0.100.202210260954/tools/bin/../lib/gcc/arm-none-eabi/10.3.1/../../../../arm-none-eabi/lib/thumb/v7e-m+fp/hard\libm.a(lib_a-s_sin.o)
 .ARM.attributes
                0x000000000000044f       0x34 c:/st/stm32cubeide_1.11.0/stm32cubeide/plugins/com.st.stm32cube.ide.mcu.externaltools.gnu-tools-for-stm32.10.3-2021.10.win32_1.0.100.202210260954/tools/bin/../lib/gcc/arm-none-eabi/10.3.1/../../../../arm-none-eabi/lib/thumb/v7e-m+fp/hard\libm.a(lib_a-e_rem_pio2.o)
 .ARM.attributes
                0x0000000000000483       0x34 c:/st/stm32cubeide_1.11.0/stm32cubeide/plugins/com.st.stm32cube.ide.mcu.externaltools.gnu-tools-for-stm32.10.3-2021.10.win32_1.0.100.202210260954/tools/bin/../lib/gcc/arm-none-eabi/10.3.1/../../../../arm-none-eabi/lib/thumb/v7e-m+fp/hard\libm.a(lib_a-k_cos.o)
 .ARM.attributes
                0x00000000000004b7       0x34 c:/st/stm32cubeide_1.11.0/stm32cubeide/plugins/com.st.stm32cube.ide.mcu.externaltools.gnu-tools-for-stm32.10.3-2021.10.win32_1.0.100.202210260954/tools/bin/../lib/gcc/arm-none-eabi/10.3.1/../../../../arm-none-eabi/lib/thumb/v7e-m+fp/hard\libm.a(lib_a-k_rem_pio2.o)
 .ARM.attributes
                0x00000000000004eb       0x34 c:/st/stm32cubeide_1.11.0/stm32cubeide/plugins/com.st.stm32cube.ide.mcu.externaltools.gnu-tools-for-stm32.10.3-2021.10.win32_1.0.100.202210260954/tools/bin/../lib/gcc/arm-none-eabi/10.3.1/../../../../arm-none-eabi/lib/thumb/v7e-m+fp/hard\libm.a(lib_a-k_sin.o)
 .ARM.attributes
                0x000000000000051f       0x34 c:/st/stm32cubeide_1.11.0/stm32cubeide/plugins/com.st.stm32cube.ide.mcu.externaltools.gnu-tools-for-stm32.10.3-2021.10.win32_1.0.100.202210260954/tools/bin/../lib/gcc/arm-none-eabi/10.3.1/../../../../arm-none-eabi/lib/thumb/v7e-m+fp/hard\libm.a(lib_a-s_fabs.o)
 .ARM.attributes
                0x0000000000000553       0x34 c:/st/stm32cubeide_1.11.0/stm32cubeide/plugins/com.st.stm32cube.ide.mcu.externaltools.gnu-tools-for-stm32.10.3-2021.10.win32_1.0.100.202210260954/tools/bin/../lib/gcc/arm-none-eabi/10.3.1/../../../../arm-none-eabi/lib/thumb/v7e-m+fp/hard\libm.a(lib_a-s_floor.o)
 .ARM.attributes
                0x0000000000000587       0x34 c:/st/stm32cubeide_1.11.0/stm32cubeide/plugins/com.st.stm32cube.ide.mcu.externaltools.gnu-tools-for-stm32.10.3-2021.10.win32_1.0.100.202210260954/tools/bin/../lib/gcc/arm-none-eabi/10.3.1/../../../../arm-none-eabi/lib/thumb/v7e-m+fp/hard\libm.a(lib_a-s_scalbn.o)
 .ARM.attributes
                0x00000000000005bb       0x1e c:/st/stm32cubeide_1.11.0/stm32cubeide/plugins/com.st.stm32cube.ide.mcu.externaltools.gnu-tools-for-stm32.10.3-2021.10.win32_1.0.100.202210260954/tools/bin/../lib/gcc/arm-none-eabi/10.3.1/thumb/v7e-m+fp/hard\libgcc.a(_arm_addsubdf3.o)
 .ARM.attributes
                0x00000000000005d9       0x1e c:/st/stm32cubeide_1.11.0/stm32cubeide/plugins/com.st.stm32cube.ide.mcu.externaltools.gnu-tools-for-stm32.10.3-2021.10.win32_1.0.100.202210260954/tools/bin/../lib/gcc/arm-none-eabi/10.3.1/thumb/v7e-m+fp/hard\libgcc.a(_arm_muldivdf3.o)
 .ARM.attributes
                0x00000000000005f7       0x1e c:/st/stm32cubeide_1.11.0/stm32cubeide/plugins/com.st.stm32cube.ide.mcu.externaltools.gnu-tools-for-stm32.10.3-2021.10.win32_1.0.100.202210260954/tools/bin/../lib/gcc/arm-none-eabi/10.3.1/thumb/v7e-m+fp/hard\libgcc.a(_arm_cmpdf2.o)
 .ARM.attributes
                0x0000000000000615       0x1e c:/st/stm32cubeide_1.11.0/stm32cubeide/plugins/com.st.stm32cube.ide.mcu.externaltools.gnu-tools-for-stm32.10.3-2021.10.win32_1.0.100.202210260954/tools/bin/../lib/gcc/arm-none-eabi/10.3.1/thumb/v7e-m+fp/hard\libgcc.a(_arm_fixdfsi.o)
 .ARM.attributes
                0x0000000000000633       0x1e c:/st/stm32cubeide_1.11.0/stm32cubeide/plugins/com.st.stm32cube.ide.mcu.externaltools.gnu-tools-for-stm32.10.3-2021.10.win32_1.0.100.202210260954/tools/bin/../lib/gcc/arm-none-eabi/10.3.1/thumb/v7e-m+fp/hard\libgcc.a(_arm_truncdfsf2.o)
 .ARM.attributes
                0x0000000000000651       0x1e c:/st/stm32cubeide_1.11.0/stm32cubeide/plugins/com.st.stm32cube.ide.mcu.externaltools.gnu-tools-for-stm32.10.3-2021.10.win32_1.0.100.202210260954/tools/bin/../lib/gcc/arm-none-eabi/10.3.1/thumb/v7e-m+fp/hard\libgcc.a(_aeabi_uldivmod.o)
 .ARM.attributes
                0x000000000000066f       0x34 c:/st/stm32cubeide_1.11.0/stm32cubeide/plugins/com.st.stm32cube.ide.mcu.externaltools.gnu-tools-for-stm32.10.3-2021.10.win32_1.0.100.202210260954/tools/bin/../lib/gcc/arm-none-eabi/10.3.1/thumb/v7e-m+fp/hard\libgcc.a(_udivmoddi4.o)
 .ARM.attributes
                0x00000000000006a3       0x1e c:/st/stm32cubeide_1.11.0/stm32cubeide/plugins/com.st.stm32cube.ide.mcu.externaltools.gnu-tools-for-stm32.10.3-2021.10.win32_1.0.100.202210260954/tools/bin/../lib/gcc/arm-none-eabi/10.3.1/thumb/v7e-m+fp/hard\libgcc.a(_dvmd_tls.o)
 .ARM.attributes
                0x00000000000006c1       0x1e c:/st/stm32cubeide_1.11.0/stm32cubeide/plugins/com.st.stm32cube.ide.mcu.externaltools.gnu-tools-for-stm32.10.3-2021.10.win32_1.0.100.202210260954/tools/bin/../lib/gcc/arm-none-eabi/10.3.1/thumb/v7e-m+fp/hard/crtn.o
OUTPUT(GLCD_YM12864.elf elf32-littlearm)
LOAD linker stubs
LOAD c:/st/stm32cubeide_1.11.0/stm32cubeide/plugins/com.st.stm32cube.ide.mcu.externaltools.gnu-tools-for-stm32.10.3-2021.10.win32_1.0.100.202210260954/tools/bin/../lib/gcc/arm-none-eabi/10.3.1/../../../../arm-none-eabi/lib/thumb/v7e-m+fp/hard\libc.a
LOAD c:/st/stm32cubeide_1.11.0/stm32cubeide/plugins/com.st.stm32cube.ide.mcu.externaltools.gnu-tools-for-stm32.10.3-2021.10.win32_1.0.100.202210260954/tools/bin/../lib/gcc/arm-none-eabi/10.3.1/../../../../arm-none-eabi/lib/thumb/v7e-m+fp/hard\libm.a
LOAD c:/st/stm32cubeide_1.11.0/stm32cubeide/plugins/com.st.stm32cube.ide.mcu.externaltools.gnu-tools-for-stm32.10.3-2021.10.win32_1.0.100.202210260954/tools/bin/../lib/gcc/arm-none-eabi/10.3.1/thumb/v7e-m+fp/hard\libgcc.a

.debug_info     0x0000000000000000     0xb8fe
 .debug_info    0x0000000000000000      0x731 ./Core/Src/delay.o
 .debug_info    0x0000000000000731      0xea8 ./Core/Src/glcd.o
 .debug_info    0x00000000000015d9      0x130 ./Core/Src/glcd_fonts.o
 .debug_info    0x0000000000001709      0x47c ./Core/Src/glcd_tests.o
 .debug_info    0x0000000000001b85     0x1301 ./Core/Src/main.o
 .debug_info    0x0000000000002e86      0xd4b ./Core/Src/stm32f4xx_hal_msp.o
 .debug_info    0x0000000000003bd1      0x121 ./Core/Src/stm32f4xx_it.o
 .debug_info    0x0000000000003cf2      0x54f ./Core/Src/system_stm32f4xx.o
 .debug_info    0x0000000000004241       0x22 ./Core/Startup/startup_stm32f401ccux.o
 .debug_info    0x0000000000004263      0x906 ./Drivers/STM32F4xx_HAL_Driver/Src/stm32f4xx_hal.o
 .debug_info    0x0000000000004b69      0xd68 ./Drivers/STM32F4xx_HAL_Driver/Src/stm32f4xx_hal_adc.o
 .debug_info    0x00000000000058d1      0xd85 ./Drivers/STM32F4xx_HAL_Driver/Src/stm32f4xx_hal_cortex.o
 .debug_info    0x0000000000006656      0x78e ./Drivers/STM32F4xx_HAL_Driver/Src/stm32f4xx_hal_gpio.o
 .debug_info    0x0000000000006de4      0x98c ./Drivers/STM32F4xx_HAL_Driver/Src/stm32f4xx_hal_rcc.o
 .debug_info    0x0000000000007770     0x2bb6 ./Drivers/STM32F4xx_HAL_Driver/Src/stm32f4xx_hal_tim.o
 .debug_info    0x000000000000a326     0x15d8 ./Drivers/STM32F4xx_HAL_Driver/Src/stm32f4xx_hal_tim_ex.o

.debug_abbrev   0x0000000000000000     0x1e0c
 .debug_abbrev  0x0000000000000000      0x1c6 ./Core/Src/delay.o
 .debug_abbrev  0x00000000000001c6      0x2ea ./Core/Src/glcd.o
 .debug_abbrev  0x00000000000004b0       0xad ./Core/Src/glcd_fonts.o
 .debug_abbrev  0x000000000000055d      0x1cb ./Core/Src/glcd_tests.o
 .debug_abbrev  0x0000000000000728      0x2db ./Core/Src/main.o
 .debug_abbrev  0x0000000000000a03      0x1c3 ./Core/Src/stm32f4xx_hal_msp.o
 .debug_abbrev  0x0000000000000bc6       0x74 ./Core/Src/stm32f4xx_it.o
 .debug_abbrev  0x0000000000000c3a      0x116 ./Core/Src/system_stm32f4xx.o
 .debug_abbrev  0x0000000000000d50       0x12 ./Core/Startup/startup_stm32f401ccux.o
 .debug_abbrev  0x0000000000000d62      0x23e ./Drivers/STM32F4xx_HAL_Driver/Src/stm32f4xx_hal.o
 .debug_abbrev  0x0000000000000fa0      0x204 ./Drivers/STM32F4xx_HAL_Driver/Src/stm32f4xx_hal_adc.o
 .debug_abbrev  0x00000000000011a4      0x316 ./Drivers/STM32F4xx_HAL_Driver/Src/stm32f4xx_hal_cortex.o
 .debug_abbrev  0x00000000000014ba      0x1c4 ./Drivers/STM32F4xx_HAL_Driver/Src/stm32f4xx_hal_gpio.o
 .debug_abbrev  0x000000000000167e      0x2aa ./Drivers/STM32F4xx_HAL_Driver/Src/stm32f4xx_hal_rcc.o
 .debug_abbrev  0x0000000000001928      0x26e ./Drivers/STM32F4xx_HAL_Driver/Src/stm32f4xx_hal_tim.o
 .debug_abbrev  0x0000000000001b96      0x276 ./Drivers/STM32F4xx_HAL_Driver/Src/stm32f4xx_hal_tim_ex.o

.debug_aranges  0x0000000000000000      0xbc8
 .debug_aranges
                0x0000000000000000       0x30 ./Core/Src/delay.o
 .debug_aranges
                0x0000000000000030       0xd8 ./Core/Src/glcd.o
 .debug_aranges
                0x0000000000000108       0x18 ./Core/Src/glcd_fonts.o
 .debug_aranges
                0x0000000000000120       0x60 ./Core/Src/glcd_tests.o
 .debug_aranges
                0x0000000000000180       0x50 ./Core/Src/main.o
 .debug_aranges
                0x00000000000001d0       0x40 ./Core/Src/stm32f4xx_hal_msp.o
 .debug_aranges
                0x0000000000000210       0x60 ./Core/Src/stm32f4xx_it.o
 .debug_aranges
                0x0000000000000270       0x28 ./Core/Src/system_stm32f4xx.o
 .debug_aranges
                0x0000000000000298       0x28 ./Core/Startup/startup_stm32f401ccux.o
 .debug_aranges
                0x00000000000002c0       0xf0 ./Drivers/STM32F4xx_HAL_Driver/Src/stm32f4xx_hal.o
 .debug_aranges
                0x00000000000003b0       0xe8 ./Drivers/STM32F4xx_HAL_Driver/Src/stm32f4xx_hal_adc.o
 .debug_aranges
                0x0000000000000498      0x118 ./Drivers/STM32F4xx_HAL_Driver/Src/stm32f4xx_hal_cortex.o
 .debug_aranges
                0x00000000000005b0       0x58 ./Drivers/STM32F4xx_HAL_Driver/Src/stm32f4xx_hal_gpio.o
 .debug_aranges
                0x0000000000000608       0x88 ./Drivers/STM32F4xx_HAL_Driver/Src/stm32f4xx_hal_rcc.o
 .debug_aranges
                0x0000000000000690      0x3d0 ./Drivers/STM32F4xx_HAL_Driver/Src/stm32f4xx_hal_tim.o
 .debug_aranges
                0x0000000000000a60      0x168 ./Drivers/STM32F4xx_HAL_Driver/Src/stm32f4xx_hal_tim_ex.o

.debug_ranges   0x0000000000000000      0xac8
 .debug_ranges  0x0000000000000000       0x20 ./Core/Src/delay.o
 .debug_ranges  0x0000000000000020       0xc8 ./Core/Src/glcd.o
 .debug_ranges  0x00000000000000e8       0x50 ./Core/Src/glcd_tests.o
 .debug_ranges  0x0000000000000138       0x40 ./Core/Src/main.o
 .debug_ranges  0x0000000000000178       0x30 ./Core/Src/stm32f4xx_hal_msp.o
 .debug_ranges  0x00000000000001a8       0x50 ./Core/Src/stm32f4xx_it.o
 .debug_ranges  0x00000000000001f8       0x18 ./Core/Src/system_stm32f4xx.o
 .debug_ranges  0x0000000000000210       0x20 ./Core/Startup/startup_stm32f401ccux.o
 .debug_ranges  0x0000000000000230       0xe0 ./Drivers/STM32F4xx_HAL_Driver/Src/stm32f4xx_hal.o
 .debug_ranges  0x0000000000000310       0xd8 ./Drivers/STM32F4xx_HAL_Driver/Src/stm32f4xx_hal_adc.o
 .debug_ranges  0x00000000000003e8      0x108 ./Drivers/STM32F4xx_HAL_Driver/Src/stm32f4xx_hal_cortex.o
 .debug_ranges  0x00000000000004f0       0x48 ./Drivers/STM32F4xx_HAL_Driver/Src/stm32f4xx_hal_gpio.o
 .debug_ranges  0x0000000000000538       0x78 ./Drivers/STM32F4xx_HAL_Driver/Src/stm32f4xx_hal_rcc.o
 .debug_ranges  0x00000000000005b0      0x3c0 ./Drivers/STM32F4xx_HAL_Driver/Src/stm32f4xx_hal_tim.o
 .debug_ranges  0x0000000000000970      0x158 ./Drivers/STM32F4xx_HAL_Driver/Src/stm32f4xx_hal_tim_ex.o

.debug_macro    0x0000000000000000    0x17d0f
 .debug_macro   0x0000000000000000      0x1f6 ./Core/Src/delay.o
 .debug_macro   0x00000000000001f6      0xa78 ./Core/Src/delay.o
 .debug_macro   0x0000000000000c6e       0x22 ./Core/Src/delay.o
 .debug_macro   0x0000000000000c90       0x8e ./Core/Src/delay.o
 .debug_macro   0x0000000000000d1e       0x51 ./Core/Src/delay.o
 .debug_macro   0x0000000000000d6f      0x103 ./Core/Src/delay.o
 .debug_macro   0x0000000000000e72       0x6a ./Core/Src/delay.o
 .debug_macro   0x0000000000000edc      0x1df ./Core/Src/delay.o
 .debug_macro   0x00000000000010bb       0x2e ./Core/Src/delay.o
 .debug_macro   0x00000000000010e9       0x28 ./Core/Src/delay.o
 .debug_macro   0x0000000000001111       0x1c ./Core/Src/delay.o
 .debug_macro   0x000000000000112d       0x22 ./Core/Src/delay.o
 .debug_macro   0x000000000000114f       0xd9 ./Core/Src/delay.o
 .debug_macro   0x0000000000001228     0x102d ./Core/Src/delay.o
 .debug_macro   0x0000000000002255      0x11f ./Core/Src/delay.o
 .debug_macro   0x0000000000002374     0xb86c ./Core/Src/delay.o
 .debug_macro   0x000000000000dbe0       0x6d ./Core/Src/delay.o
 .debug_macro   0x000000000000dc4d      0x29b ./Core/Src/delay.o
 .debug_macro   0x000000000000dee8     0x367e ./Core/Src/delay.o
 .debug_macro   0x0000000000011566      0x174 ./Core/Src/delay.o
 .debug_macro   0x00000000000116da       0x5c ./Core/Src/delay.o
 .debug_macro   0x0000000000011736      0x416 ./Core/Src/delay.o
 .debug_macro   0x0000000000011b4c      0x9fe ./Core/Src/delay.o
 .debug_macro   0x000000000001254a      0x115 ./Core/Src/delay.o
 .debug_macro   0x000000000001265f       0xf8 ./Core/Src/delay.o
 .debug_macro   0x0000000000012757       0xa5 ./Core/Src/delay.o
 .debug_macro   0x00000000000127fc      0x15f ./Core/Src/delay.o
 .debug_macro   0x000000000001295b      0x287 ./Core/Src/delay.o
 .debug_macro   0x0000000000012be2       0x5f ./Core/Src/delay.o
 .debug_macro   0x0000000000012c41      0x236 ./Core/Src/delay.o
 .debug_macro   0x0000000000012e77      0x9e1 ./Core/Src/delay.o
 .debug_macro   0x0000000000013858      0x38b ./Core/Src/delay.o
 .debug_macro   0x0000000000013be3      0x176 ./Core/Src/delay.o
 .debug_macro   0x0000000000013d59       0xf9 ./Core/Src/delay.o
 .debug_macro   0x0000000000013e52      0x132 ./Core/Src/delay.o
 .debug_macro   0x0000000000013f84      0x23a ./Core/Src/delay.o
 .debug_macro   0x00000000000141be       0x2e ./Core/Src/delay.o
 .debug_macro   0x00000000000141ec      0x11a ./Core/Src/delay.o
 .debug_macro   0x0000000000014306       0x85 ./Core/Src/delay.o
 .debug_macro   0x000000000001438b       0x89 ./Core/Src/delay.o
 .debug_macro   0x0000000000014414      0x8e6 ./Core/Src/delay.o
 .debug_macro   0x0000000000014cfa       0x47 ./Core/Src/delay.o
 .debug_macro   0x0000000000014d41      0x126 ./Core/Src/delay.o
 .debug_macro   0x0000000000014e67      0x30f ./Core/Src/glcd.o
 .debug_macro   0x0000000000015176       0x4c ./Core/Src/glcd.o
 .debug_macro   0x00000000000151c2       0x1e ./Core/Src/glcd.o
 .debug_macro   0x00000000000151e0       0x94 ./Core/Src/glcd.o
 .debug_macro   0x0000000000015274       0x3c ./Core/Src/glcd.o
 .debug_macro   0x00000000000152b0       0x34 ./Core/Src/glcd.o
 .debug_macro   0x00000000000152e4       0x57 ./Core/Src/glcd.o
 .debug_macro   0x000000000001533b       0x58 ./Core/Src/glcd.o
 .debug_macro   0x0000000000015393       0x52 ./Core/Src/glcd.o
 .debug_macro   0x00000000000153e5       0x10 ./Core/Src/glcd.o
 .debug_macro   0x00000000000153f5       0x46 ./Core/Src/glcd.o
 .debug_macro   0x000000000001543b       0x16 ./Core/Src/glcd.o
 .debug_macro   0x0000000000015451       0x43 ./Core/Src/glcd.o
 .debug_macro   0x0000000000015494       0x34 ./Core/Src/glcd.o
 .debug_macro   0x00000000000154c8       0x10 ./Core/Src/glcd.o
 .debug_macro   0x00000000000154d8       0x58 ./Core/Src/glcd.o
 .debug_macro   0x0000000000015530       0x71 ./Core/Src/glcd.o
 .debug_macro   0x00000000000155a1       0x1c ./Core/Src/glcd.o
 .debug_macro   0x00000000000155bd      0x12a ./Core/Src/glcd.o
 .debug_macro   0x00000000000156e7      0x341 ./Core/Src/glcd.o
 .debug_macro   0x0000000000015a28      0x19b ./Core/Src/glcd.o
 .debug_macro   0x0000000000015bc3       0x16 ./Core/Src/glcd.o
 .debug_macro   0x0000000000015bd9       0x35 ./Core/Src/glcd.o
 .debug_macro   0x0000000000015c0e       0x16 ./Core/Src/glcd.o
 .debug_macro   0x0000000000015c24       0x29 ./Core/Src/glcd.o
 .debug_macro   0x0000000000015c4d      0x214 ./Core/Src/glcd_fonts.o
 .debug_macro   0x0000000000015e61      0x3bf ./Core/Src/glcd_tests.o
 .debug_macro   0x0000000000016220       0x10 ./Core/Src/glcd_tests.o
 .debug_macro   0x0000000000016230       0x20 ./Core/Src/glcd_tests.o
 .debug_macro   0x0000000000016250       0x1c ./Core/Src/glcd_tests.o
 .debug_macro   0x000000000001626c       0x10 ./Core/Src/glcd_tests.o
 .debug_macro   0x000000000001627c       0x10 ./Core/Src/glcd_tests.o
 .debug_macro   0x000000000001628c       0x1c ./Core/Src/glcd_tests.o
 .debug_macro   0x00000000000162a8       0x52 ./Core/Src/glcd_tests.o
 .debug_macro   0x00000000000162fa       0x22 ./Core/Src/glcd_tests.o
 .debug_macro   0x000000000001631c       0x10 ./Core/Src/glcd_tests.o
 .debug_macro   0x000000000001632c       0x52 ./Core/Src/glcd_tests.o
 .debug_macro   0x000000000001637e       0xd5 ./Core/Src/glcd_tests.o
 .debug_macro   0x0000000000016453       0x1c ./Core/Src/glcd_tests.o
 .debug_macro   0x000000000001646f       0x3d ./Core/Src/glcd_tests.o
 .debug_macro   0x00000000000164ac       0x16 ./Core/Src/glcd_tests.o
 .debug_macro   0x00000000000164c2      0x145 ./Core/Src/glcd_tests.o
 .debug_macro   0x0000000000016607       0x56 ./Core/Src/glcd_tests.o
 .debug_macro   0x000000000001665d      0x274 ./Core/Src/main.o
 .debug_macro   0x00000000000168d1       0x52 ./Core/Src/main.o
 .debug_macro   0x0000000000016923      0x1fb ./Core/Src/stm32f4xx_hal_msp.o
 .debug_macro   0x0000000000016b1e      0x205 ./Core/Src/stm32f4xx_it.o
 .debug_macro   0x0000000000016d23      0x1ec ./Core/Src/system_stm32f4xx.o
 .debug_macro   0x0000000000016f0f      0x24c ./Drivers/STM32F4xx_HAL_Driver/Src/stm32f4xx_hal.o
 .debug_macro   0x000000000001715b      0x1ed ./Drivers/STM32F4xx_HAL_Driver/Src/stm32f4xx_hal_adc.o
 .debug_macro   0x0000000000017348      0x1ec ./Drivers/STM32F4xx_HAL_Driver/Src/stm32f4xx_hal_cortex.o
 .debug_macro   0x0000000000017534      0x1f2 ./Drivers/STM32F4xx_HAL_Driver/Src/stm32f4xx_hal_gpio.o
 .debug_macro   0x0000000000017726      0x210 ./Drivers/STM32F4xx_HAL_Driver/Src/stm32f4xx_hal_rcc.o
 .debug_macro   0x0000000000017936      0x1ed ./Drivers/STM32F4xx_HAL_Driver/Src/stm32f4xx_hal_tim.o
 .debug_macro   0x0000000000017b23      0x1ec ./Drivers/STM32F4xx_HAL_Driver/Src/stm32f4xx_hal_tim_ex.o

.debug_line     0x0000000000000000     0xd971
 .debug_line    0x0000000000000000      0x72c ./Core/Src/delay.o
 .debug_line    0x000000000000072c     0x114c ./Core/Src/glcd.o
 .debug_line    0x0000000000001878      0x6f2 ./Core/Src/glcd_fonts.o
 .debug_line    0x0000000000001f6a      0xab8 ./Core/Src/glcd_tests.o
 .debug_line    0x0000000000002a22      0x9c6 ./Core/Src/main.o
 .debug_line    0x00000000000033e8      0x771 ./Core/Src/stm32f4xx_hal_msp.o
 .debug_line    0x0000000000003b59      0x7b5 ./Core/Src/stm32f4xx_it.o
 .debug_line    0x000000000000430e      0x774 ./Core/Src/system_stm32f4xx.o
 .debug_line    0x0000000000004a82       0x88 ./Core/Startup/startup_stm32f401ccux.o
 .debug_line    0x0000000000004b0a      0x9da ./Drivers/STM32F4xx_HAL_Driver/Src/stm32f4xx_hal.o
 .debug_line    0x00000000000054e4     0x1184 ./Drivers/STM32F4xx_HAL_Driver/Src/stm32f4xx_hal_adc.o
 .debug_line    0x0000000000006668      0xc89 ./Drivers/STM32F4xx_HAL_Driver/Src/stm32f4xx_hal_cortex.o
 .debug_line    0x00000000000072f1      0xb12 ./Drivers/STM32F4xx_HAL_Driver/Src/stm32f4xx_hal_gpio.o
 .debug_line    0x0000000000007e03      0xd54 ./Drivers/STM32F4xx_HAL_Driver/Src/stm32f4xx_hal_rcc.o
 .debug_line    0x0000000000008b57     0x34a8 ./Drivers/STM32F4xx_HAL_Driver/Src/stm32f4xx_hal_tim.o
 .debug_line    0x000000000000bfff     0x1972 ./Drivers/STM32F4xx_HAL_Driver/Src/stm32f4xx_hal_tim_ex.o

.debug_str      0x0000000000000000    0x975b9
 .debug_str     0x0000000000000000    0x8f8f6 ./Core/Src/delay.o
                                      0x8fc14 (size before relaxing)
 .debug_str     0x000000000008f8f6     0x3dcd ./Core/Src/glcd.o
                                      0x93485 (size before relaxing)
 .debug_str     0x00000000000936c3       0x2a ./Core/Src/glcd_fonts.o
                                      0x8f8ed (size before relaxing)
 .debug_str     0x00000000000936ed     0x111f ./Core/Src/glcd_tests.o
                                      0x93977 (size before relaxing)
 .debug_str     0x000000000009480c      0x5c7 ./Core/Src/main.o
                                      0x90957 (size before relaxing)
 .debug_str     0x0000000000094dd3       0x99 ./Core/Src/stm32f4xx_hal_msp.o
                                      0x90066 (size before relaxing)
 .debug_str     0x0000000000094e6c       0xc9 ./Core/Src/stm32f4xx_it.o
                                      0x8f83c (size before relaxing)
 .debug_str     0x0000000000094f35       0xdb ./Core/Src/system_stm32f4xx.o
                                      0x8f83e (size before relaxing)
 .debug_str     0x0000000000095010       0x36 ./Core/Startup/startup_stm32f401ccux.o
                                         0x76 (size before relaxing)
 .debug_str     0x0000000000095046      0x9a2 ./Drivers/STM32F4xx_HAL_Driver/Src/stm32f4xx_hal.o
                                      0x90260 (size before relaxing)
 .debug_str     0x00000000000959e8      0x2cb ./Drivers/STM32F4xx_HAL_Driver/Src/stm32f4xx_hal_adc.o
                                      0x8fe19 (size before relaxing)
 .debug_str     0x0000000000095cb3      0x348 ./Drivers/STM32F4xx_HAL_Driver/Src/stm32f4xx_hal_cortex.o
                                      0x8ff81 (size before relaxing)
 .debug_str     0x0000000000095ffb      0x10e ./Drivers/STM32F4xx_HAL_Driver/Src/stm32f4xx_hal_gpio.o
                                      0x8f9b9 (size before relaxing)
 .debug_str     0x0000000000096109      0x233 ./Drivers/STM32F4xx_HAL_Driver/Src/stm32f4xx_hal_rcc.o
                                      0x8fc72 (size before relaxing)
 .debug_str     0x000000000009633c      0xdea ./Drivers/STM32F4xx_HAL_Driver/Src/stm32f4xx_hal_tim.o
                                      0x90ba6 (size before relaxing)
 .debug_str     0x0000000000097126      0x493 ./Drivers/STM32F4xx_HAL_Driver/Src/stm32f4xx_hal_tim_ex.o
                                      0x903c2 (size before relaxing)

.comment        0x0000000000000000       0x50
 .comment       0x0000000000000000       0x50 ./Core/Src/delay.o
                                         0x51 (size before relaxing)
 .comment       0x0000000000000050       0x51 ./Core/Src/glcd.o
 .comment       0x0000000000000050       0x51 ./Core/Src/glcd_fonts.o
 .comment       0x0000000000000050       0x51 ./Core/Src/glcd_tests.o
 .comment       0x0000000000000050       0x51 ./Core/Src/main.o
 .comment       0x0000000000000050       0x51 ./Core/Src/stm32f4xx_hal_msp.o
 .comment       0x0000000000000050       0x51 ./Core/Src/stm32f4xx_it.o
 .comment       0x0000000000000050       0x51 ./Core/Src/system_stm32f4xx.o
 .comment       0x0000000000000050       0x51 ./Drivers/STM32F4xx_HAL_Driver/Src/stm32f4xx_hal.o
 .comment       0x0000000000000050       0x51 ./Drivers/STM32F4xx_HAL_Driver/Src/stm32f4xx_hal_adc.o
 .comment       0x0000000000000050       0x51 ./Drivers/STM32F4xx_HAL_Driver/Src/stm32f4xx_hal_cortex.o
 .comment       0x0000000000000050       0x51 ./Drivers/STM32F4xx_HAL_Driver/Src/stm32f4xx_hal_gpio.o
 .comment       0x0000000000000050       0x51 ./Drivers/STM32F4xx_HAL_Driver/Src/stm32f4xx_hal_rcc.o
 .comment       0x0000000000000050       0x51 ./Drivers/STM32F4xx_HAL_Driver/Src/stm32f4xx_hal_tim.o
 .comment       0x0000000000000050       0x51 ./Drivers/STM32F4xx_HAL_Driver/Src/stm32f4xx_hal_tim_ex.o

.debug_frame    0x0000000000000000     0x34b0
 .debug_frame   0x0000000000000000       0x78 ./Core/Src/delay.o
 .debug_frame   0x0000000000000078      0x3a8 ./Core/Src/glcd.o
 .debug_frame   0x0000000000000420      0x154 ./Core/Src/glcd_tests.o
 .debug_frame   0x0000000000000574       0xf8 ./Core/Src/main.o
 .debug_frame   0x000000000000066c       0xd0 ./Core/Src/stm32f4xx_hal_msp.o
 .debug_frame   0x000000000000073c      0x104 ./Core/Src/stm32f4xx_it.o
 .debug_frame   0x0000000000000840       0x58 ./Core/Src/system_stm32f4xx.o
 .debug_frame   0x0000000000000898      0x374 ./Drivers/STM32F4xx_HAL_Driver/Src/stm32f4xx_hal.o
 .debug_frame   0x0000000000000c0c      0x3fc ./Drivers/STM32F4xx_HAL_Driver/Src/stm32f4xx_hal_adc.o
 .debug_frame   0x0000000000001008      0x498 ./Drivers/STM32F4xx_HAL_Driver/Src/stm32f4xx_hal_cortex.o
 .debug_frame   0x00000000000014a0      0x14c ./Drivers/STM32F4xx_HAL_Driver/Src/stm32f4xx_hal_gpio.o
 .debug_frame   0x00000000000015ec      0x1f4 ./Drivers/STM32F4xx_HAL_Driver/Src/stm32f4xx_hal_rcc.o
 .debug_frame   0x00000000000017e0     0x11bc ./Drivers/STM32F4xx_HAL_Driver/Src/stm32f4xx_hal_tim.o
 .debug_frame   0x000000000000299c      0x638 ./Drivers/STM32F4xx_HAL_Driver/Src/stm32f4xx_hal_tim_ex.o
 .debug_frame   0x0000000000002fd4       0x2c c:/st/stm32cubeide_1.11.0/stm32cubeide/plugins/com.st.stm32cube.ide.mcu.externaltools.gnu-tools-for-stm32.10.3-2021.10.win32_1.0.100.202210260954/tools/bin/../lib/gcc/arm-none-eabi/10.3.1/../../../../arm-none-eabi/lib/thumb/v7e-m+fp/hard\libc_nano.a(lib_a-init.o)
 .debug_frame   0x0000000000003000       0x20 c:/st/stm32cubeide_1.11.0/stm32cubeide/plugins/com.st.stm32cube.ide.mcu.externaltools.gnu-tools-for-stm32.10.3-2021.10.win32_1.0.100.202210260954/tools/bin/../lib/gcc/arm-none-eabi/10.3.1/../../../../arm-none-eabi/lib/thumb/v7e-m+fp/hard\libc_nano.a(lib_a-memset.o)
 .debug_frame   0x0000000000003020       0x38 c:/st/stm32cubeide_1.11.0/stm32cubeide/plugins/com.st.stm32cube.ide.mcu.externaltools.gnu-tools-for-stm32.10.3-2021.10.win32_1.0.100.202210260954/tools/bin/../lib/gcc/arm-none-eabi/10.3.1/../../../../arm-none-eabi/lib/thumb/v7e-m+fp/hard\libm.a(lib_a-s_cos.o)
 .debug_frame   0x0000000000003058       0x38 c:/st/stm32cubeide_1.11.0/stm32cubeide/plugins/com.st.stm32cube.ide.mcu.externaltools.gnu-tools-for-stm32.10.3-2021.10.win32_1.0.100.202210260954/tools/bin/../lib/gcc/arm-none-eabi/10.3.1/../../../../arm-none-eabi/lib/thumb/v7e-m+fp/hard\libm.a(lib_a-s_sin.o)
 .debug_frame   0x0000000000003090       0x50 c:/st/stm32cubeide_1.11.0/stm32cubeide/plugins/com.st.stm32cube.ide.mcu.externaltools.gnu-tools-for-stm32.10.3-2021.10.win32_1.0.100.202210260954/tools/bin/../lib/gcc/arm-none-eabi/10.3.1/../../../../arm-none-eabi/lib/thumb/v7e-m+fp/hard\libm.a(lib_a-e_rem_pio2.o)
 .debug_frame   0x00000000000030e0       0x3c c:/st/stm32cubeide_1.11.0/stm32cubeide/plugins/com.st.stm32cube.ide.mcu.externaltools.gnu-tools-for-stm32.10.3-2021.10.win32_1.0.100.202210260954/tools/bin/../lib/gcc/arm-none-eabi/10.3.1/../../../../arm-none-eabi/lib/thumb/v7e-m+fp/hard\libm.a(lib_a-k_cos.o)
 .debug_frame   0x000000000000311c       0x54 c:/st/stm32cubeide_1.11.0/stm32cubeide/plugins/com.st.stm32cube.ide.mcu.externaltools.gnu-tools-for-stm32.10.3-2021.10.win32_1.0.100.202210260954/tools/bin/../lib/gcc/arm-none-eabi/10.3.1/../../../../arm-none-eabi/lib/thumb/v7e-m+fp/hard\libm.a(lib_a-k_rem_pio2.o)
 .debug_frame   0x0000000000003170       0x5c c:/st/stm32cubeide_1.11.0/stm32cubeide/plugins/com.st.stm32cube.ide.mcu.externaltools.gnu-tools-for-stm32.10.3-2021.10.win32_1.0.100.202210260954/tools/bin/../lib/gcc/arm-none-eabi/10.3.1/../../../../arm-none-eabi/lib/thumb/v7e-m+fp/hard\libm.a(lib_a-k_sin.o)
 .debug_frame   0x00000000000031cc       0x20 c:/st/stm32cubeide_1.11.0/stm32cubeide/plugins/com.st.stm32cube.ide.mcu.externaltools.gnu-tools-for-stm32.10.3-2021.10.win32_1.0.100.202210260954/tools/bin/../lib/gcc/arm-none-eabi/10.3.1/../../../../arm-none-eabi/lib/thumb/v7e-m+fp/hard\libm.a(lib_a-s_fabs.o)
 .debug_frame   0x00000000000031ec       0x30 c:/st/stm32cubeide_1.11.0/stm32cubeide/plugins/com.st.stm32cube.ide.mcu.externaltools.gnu-tools-for-stm32.10.3-2021.10.win32_1.0.100.202210260954/tools/bin/../lib/gcc/arm-none-eabi/10.3.1/../../../../arm-none-eabi/lib/thumb/v7e-m+fp/hard\libm.a(lib_a-s_floor.o)
 .debug_frame   0x000000000000321c       0x2c c:/st/stm32cubeide_1.11.0/stm32cubeide/plugins/com.st.stm32cube.ide.mcu.externaltools.gnu-tools-for-stm32.10.3-2021.10.win32_1.0.100.202210260954/tools/bin/../lib/gcc/arm-none-eabi/10.3.1/../../../../arm-none-eabi/lib/thumb/v7e-m+fp/hard\libm.a(lib_a-s_scalbn.o)
 .debug_frame   0x0000000000003248       0xac c:/st/stm32cubeide_1.11.0/stm32cubeide/plugins/com.st.stm32cube.ide.mcu.externaltools.gnu-tools-for-stm32.10.3-2021.10.win32_1.0.100.202210260954/tools/bin/../lib/gcc/arm-none-eabi/10.3.1/thumb/v7e-m+fp/hard\libgcc.a(_arm_addsubdf3.o)
 .debug_frame   0x00000000000032f4       0x50 c:/st/stm32cubeide_1.11.0/stm32cubeide/plugins/com.st.stm32cube.ide.mcu.externaltools.gnu-tools-for-stm32.10.3-2021.10.win32_1.0.100.202210260954/tools/bin/../lib/gcc/arm-none-eabi/10.3.1/thumb/v7e-m+fp/hard\libgcc.a(_arm_muldivdf3.o)
 .debug_frame   0x0000000000003344       0xc4 c:/st/stm32cubeide_1.11.0/stm32cubeide/plugins/com.st.stm32cube.ide.mcu.externaltools.gnu-tools-for-stm32.10.3-2021.10.win32_1.0.100.202210260954/tools/bin/../lib/gcc/arm-none-eabi/10.3.1/thumb/v7e-m+fp/hard\libgcc.a(_arm_cmpdf2.o)
 .debug_frame   0x0000000000003408       0x24 c:/st/stm32cubeide_1.11.0/stm32cubeide/plugins/com.st.stm32cube.ide.mcu.externaltools.gnu-tools-for-stm32.10.3-2021.10.win32_1.0.100.202210260954/tools/bin/../lib/gcc/arm-none-eabi/10.3.1/thumb/v7e-m+fp/hard\libgcc.a(_arm_fixdfsi.o)
 .debug_frame   0x000000000000342c       0x24 c:/st/stm32cubeide_1.11.0/stm32cubeide/plugins/com.st.stm32cube.ide.mcu.externaltools.gnu-tools-for-stm32.10.3-2021.10.win32_1.0.100.202210260954/tools/bin/../lib/gcc/arm-none-eabi/10.3.1/thumb/v7e-m+fp/hard\libgcc.a(_arm_truncdfsf2.o)
 .debug_frame   0x0000000000003450       0x2c c:/st/stm32cubeide_1.11.0/stm32cubeide/plugins/com.st.stm32cube.ide.mcu.externaltools.gnu-tools-for-stm32.10.3-2021.10.win32_1.0.100.202210260954/tools/bin/../lib/gcc/arm-none-eabi/10.3.1/thumb/v7e-m+fp/hard\libgcc.a(_aeabi_uldivmod.o)
 .debug_frame   0x000000000000347c       0x34 c:/st/stm32cubeide_1.11.0/stm32cubeide/plugins/com.st.stm32cube.ide.mcu.externaltools.gnu-tools-for-stm32.10.3-2021.10.win32_1.0.100.202210260954/tools/bin/../lib/gcc/arm-none-eabi/10.3.1/thumb/v7e-m+fp/hard\libgcc.a(_udivmoddi4.o)
