../Core/Src/glcd.c:15:6:glcd_init	8	static
../Core/Src/glcd.c:40:6:glcd_DrawPixel	24	static
../Core/Src/glcd.c:57:6:glcd_Fill	32	static
../Core/Src/glcd.c:72:9:glcd_busyCheck	24	static
../Core/Src/glcd.c:114:6:glcd_send	16	static
../Core/Src/glcd.c:159:6:glcd_UpdateScreen	16	static
../Core/Src/glcd.c:179:6:glcd_Reset	8	static
../Core/Src/glcd.c:191:6:glcd_WriteChar	32	static
../Core/Src/glcd.c:236:6:glcd_WriteChar2	56	static
../Core/Src/glcd.c:285:6:glcd_WriteString	24	static
../Core/Src/glcd.c:302:6:glcd_SetCursor	16	static
../Core/Src/glcd.c:312:6:glcd_Line	48	static
../Core/Src/glcd.c:352:6:glcd_Polyline	40	static
../Core/Src/glcd.c:368:14:glcd_DegToRad	16	static
../Core/Src/glcd.c:374:17:glcd_NormalizeTo0_360	24	static
../Core/Src/glcd.c:395:6:glcd_DrawArc	56	static
../Core/Src/glcd.c:442:6:glcd_DrawArcWithRadiusLine	64	static
../Core/Src/glcd.c:490:6:glcd_DrawCircle	40	static
../Core/Src/glcd.c:539:6:glcd_FillCircle	48	static
../Core/Src/glcd.c:590:6:glcd_DrawRectangle	32	static
../Core/Src/glcd.c:602:6:glcd_FillRectangle	32	static
../Core/Src/glcd.c:616:6:glcd_DrawBitmap	24	static
../Core/Src/glcd.c:643:6:glcd_DrawHorzLine	32	static
../Core/Src/glcd.c:659:6:glcd_showSpectrum	32	static
